Archive member included to satisfy reference by file (symbol)

../../libDaisy//build\libdaisy.a(daisy_patch_sm.o)
                              build/ENV2.o (daisy::patch_sm::DaisyPatchSM::Init())
../../libDaisy//build\libdaisy.a(codec_pcm3060.o)
                              ../../libDaisy//build\libdaisy.a(daisy_patch_sm.o) (daisy::Pcm3060::Init(daisy::I2CHandle))
../../libDaisy//build\libdaisy.a(sdram.o)
                              ../../libDaisy//build\libdaisy.a(daisy_patch_sm.o) (SdramHandle::Init())
../../libDaisy//build\libdaisy.a(audio.o)
                              ../../libDaisy//build\libdaisy.a(daisy_patch_sm.o) (daisy::AudioHandle::Init(daisy::AudioHandle::Config const&, daisy::SaiHandle))
../../libDaisy//build\libdaisy.a(ctrl.o)
                              ../../libDaisy//build\libdaisy.a(daisy_patch_sm.o) (daisy::AnalogControl::Init(unsigned short*, float, bool, bool, float))
../../libDaisy//build\libdaisy.a(gatein.o)
                              ../../libDaisy//build\libdaisy.a(daisy_patch_sm.o) (daisy::GateIn::Init(dsy_gpio_pin*, bool))
../../libDaisy//build\libdaisy.a(adc.o)
                              ../../libDaisy//build\libdaisy.a(daisy_patch_sm.o) (daisy::AdcChannelConfig::InitSingle(dsy_gpio_pin))
../../libDaisy//build\libdaisy.a(dac.o)
                              ../../libDaisy//build\libdaisy.a(daisy_patch_sm.o) (daisy::DacHandle::Init(daisy::DacHandle::Config const&))
../../libDaisy//build\libdaisy.a(gpio.o)
                              ../../libDaisy//build\libdaisy.a(daisy_patch_sm.o) (dsy_gpio_init)
../../libDaisy//build\libdaisy.a(i2c.o)
                              ../../libDaisy//build\libdaisy.a(daisy_patch_sm.o) (daisy::I2CHandle::Init(daisy::I2CHandle::Config const&))
../../libDaisy//build\libdaisy.a(qspi.o)
                              ../../libDaisy//build\libdaisy.a(daisy_patch_sm.o) (daisy::QSPIHandle::Init(daisy::QSPIHandle::Config const&))
../../libDaisy//build\libdaisy.a(sai.o)
                              ../../libDaisy//build\libdaisy.a(daisy_patch_sm.o) (daisy::SaiHandle::Init(daisy::SaiHandle::Config const&))
../../libDaisy//build\libdaisy.a(system.o)
                              ../../libDaisy//build\libdaisy.a(codec_pcm3060.o) (daisy::System::Delay(unsigned long))
../../libDaisy//build\libdaisy.a(system_stm32h7xx.o)
                              build/startup_stm32h750xx.o (SystemInit)
../../libDaisy//build\libdaisy.a(usbd_conf.o)
                              ../../libDaisy//build\libdaisy.a(system.o) (hpcd_USB_OTG_HS)
../../libDaisy//build\libdaisy.a(usbh_conf.o)
                              ../../libDaisy//build\libdaisy.a(system.o) (hhcd_USB_OTG_HS)
../../libDaisy//build\libdaisy.a(hal_map.o)
                              ../../libDaisy//build\libdaisy.a(gpio.o) (dsy_hal_map_get_port)
../../libDaisy//build\libdaisy.a(stm32h7xx_hal.o)
                              ../../libDaisy//build\libdaisy.a(system.o) (HAL_Init)
../../libDaisy//build\libdaisy.a(stm32h7xx_hal_adc.o)
                              ../../libDaisy//build\libdaisy.a(adc.o) (HAL_ADC_ConfigChannel)
../../libDaisy//build\libdaisy.a(stm32h7xx_hal_adc_ex.o)
                              ../../libDaisy//build\libdaisy.a(adc.o) (HAL_ADCEx_Calibration_Start)
../../libDaisy//build\libdaisy.a(stm32h7xx_hal_cortex.o)
                              ../../libDaisy//build\libdaisy.a(stm32h7xx_hal.o) (HAL_NVIC_SetPriorityGrouping)
../../libDaisy//build\libdaisy.a(stm32h7xx_hal_dac.o)
                              ../../libDaisy//build\libdaisy.a(dac.o) (HAL_DAC_Init)
../../libDaisy//build\libdaisy.a(stm32h7xx_hal_dac_ex.o)
                              ../../libDaisy//build\libdaisy.a(stm32h7xx_hal_dac.o) (HAL_DACEx_DMAUnderrunCallbackCh2)
../../libDaisy//build\libdaisy.a(stm32h7xx_hal_dma.o)
                              ../../libDaisy//build\libdaisy.a(adc.o) (HAL_DMA_Init)
../../libDaisy//build\libdaisy.a(stm32h7xx_hal_gpio.o)
                              ../../libDaisy//build\libdaisy.a(sdram.o) (HAL_GPIO_Init)
../../libDaisy//build\libdaisy.a(stm32h7xx_hal_hcd.o)
                              ../../libDaisy//build\libdaisy.a(usbh_conf.o) (HAL_HCD_HC_Init)
../../libDaisy//build\libdaisy.a(stm32h7xx_hal_i2c.o)
                              ../../libDaisy//build\libdaisy.a(i2c.o) (HAL_I2C_Init)
../../libDaisy//build\libdaisy.a(stm32h7xx_hal_i2c_ex.o)
                              ../../libDaisy//build\libdaisy.a(i2c.o) (HAL_I2CEx_ConfigAnalogFilter)
../../libDaisy//build\libdaisy.a(stm32h7xx_hal_pcd.o)
                              ../../libDaisy//build\libdaisy.a(usbd_conf.o) (HAL_PCD_Init)
../../libDaisy//build\libdaisy.a(stm32h7xx_hal_pcd_ex.o)
                              ../../libDaisy//build\libdaisy.a(usbd_conf.o) (HAL_PCDEx_SetTxFiFo)
../../libDaisy//build\libdaisy.a(stm32h7xx_hal_pwr_ex.o)
                              ../../libDaisy//build\libdaisy.a(system.o) (HAL_PWREx_ConfigSupply)
../../libDaisy//build\libdaisy.a(stm32h7xx_hal_qspi.o)
[...]
Memory Configuration

Name             Origin             Length             Attributes
FLASH            0x08000000         0x00020000         xr
DTCMRAM          0x20000000         0x00020000         xrw
SRAM             0x24000000         0x00080000         xrw
RAM_D2           0x30000000         0x00048000         xrw
RAM_D3           0x38000000         0x00010000         xrw
ITCMRAM          0x00000000         0x00010000         xrw
SDRAM            0xc0000000         0x04000000         xrw
QSPIFLASH        0x90000000         0x00800000         xr
*default*        0x00000000         0xffffffff

Linker script and memory map

LOAD c:/program files/daisytoolchain/bin/../lib/gcc/arm-none-eabi/10.2.1/thumb/v7e-m+dp/hard/crti.o
LOAD c:/program files/daisytoolchain/bin/../lib/gcc/arm-none-eabi/10.2.1/thumb/v7e-m+dp/hard/crtbegin.o
LOAD c:/program files/daisytoolchain/bin/../lib/gcc/arm-none-eabi/10.2.1/../../../../arm-none-eabi/lib/thumb/v7e-m+dp/hard/crt0.o
LOAD build/startup_stm32h750xx.o
LOAD build/ENV2.o
LOAD ../../libDaisy//build\libdaisy.a
LOAD c:/program files/daisytoolchain/bin/../lib/gcc/arm-none-eabi/10.2.1/../../../../arm-none-eabi/lib/thumb/v7e-m+dp/hard\libnosys.a
LOAD ../../DaisySP//build\libdaisysp.a
LOAD c:/program files/daisytoolchain/bin/../lib/gcc/arm-none-eabi/10.2.1/../../../../arm-none-eabi/lib/thumb/v7e-m+dp/hard\libstdc++_nano.a
LOAD c:/program files/daisytoolchain/bin/../lib/gcc/arm-none-eabi/10.2.1/../../../../arm-none-eabi/lib/thumb/v7e-m+dp/hard\libm.a
LOAD c:/program files/daisytoolchain/bin/../lib/gcc/arm-none-eabi/10.2.1/../../../../arm-none-eabi/lib/thumb/v7e-m+dp/hard\libc_nano.a
START GROUP
LOAD c:/program files/daisytoolchain/bin/../lib/gcc/arm-none-eabi/10.2.1/thumb/v7e-m+dp/hard\libgcc.a
LOAD c:/program files/daisytoolchain/bin/../lib/gcc/arm-none-eabi/10.2.1/../../../../arm-none-eabi/lib/thumb/v7e-m+dp/hard\libc_nano.a
END GROUP
START GROUP
LOAD c:/program files/daisytoolchain/bin/../lib/gcc/arm-none-eabi/10.2.1/thumb/v7e-m+dp/hard\libgcc.a
LOAD c:/program files/daisytoolchain/bin/../lib/gcc/arm-none-eabi/10.2.1/../../../../arm-none-eabi/lib/thumb/v7e-m+dp/hard\libc_nano.a
LOAD c:/program files/daisytoolchain/bin/../lib/gcc/arm-none-eabi/10.2.1/../../../../arm-none-eabi/lib/thumb/v7e-m+dp/hard\libnosys.a
END GROUP
START GROUP
LOAD c:/program files/daisytoolchain/bin/../lib/gcc/arm-none-eabi/10.2.1/thumb/v7e-m+dp/hard\libgcc.a
LOAD c:/program files/daisytoolchain/bin/../lib/gcc/arm-none-eabi/10.2.1/../../../../arm-none-eabi/lib/thumb/v7e-m+dp/hard\libc_nano.a
LOAD c:/program files/daisytoolchain/bin/../lib/gcc/arm-none-eabi/10.2.1/../../../../arm-none-eabi/lib/thumb/v7e-m+dp/hard\libnosys.a
END GROUP
LOAD c:/program files/daisytoolchain/bin/../lib/gcc/arm-none-eabi/10.2.1/thumb/v7e-m+dp/hard/crtend.o
LOAD c:/program files/daisytoolchain/bin/../lib/gcc/arm-none-eabi/10.2.1/thumb/v7e-m+dp/hard/crtn.o
                0x20020000                _estack = 0x20020000

.isr_vector     0x08000000      0x298
                0x08000000                . = ALIGN (0x4)
 *(.isr_vector)
 .isr_vector    0x08000000      0x298 build/startup_stm32h750xx.o
                0x08000000                g_pfnVectors
                0x08000298                . = ALIGN (0x4)

.text           0x08000298    0x11054
                0x08000298                . = ALIGN (0x4)
                0x08000298                _stext = .
 *(.text)
 .text          0x08000298       0x40 c:/program files/daisytoolchain/bin/../lib/gcc/arm-none-eabi/10.2.1/thumb/v7e-m+dp/hard/crtbegin.o
 .text          0x080002d8       0x30 c:/program files/daisytoolchain/bin/../lib/gcc/arm-none-eabi/10.2.1/thumb/v7e-m+dp/hard\libgcc.a(_aeabi_uldivmod.o)
                0x080002d8                __aeabi_uldivmod
 .text          0x08000308      0x2d0 c:/program files/daisytoolchain/bin/../lib/gcc/arm-none-eabi/10.2.1/thumb/v7e-m+dp/hard\libgcc.a(_udivmoddi4.o)
                0x08000308                __udivmoddi4
 .text          0x080005d8        0x4 c:/program files/daisytoolchain/bin/../lib/gcc/arm-none-eabi/10.2.1/thumb/v7e-m+dp/hard\libgcc.a(_dvmd_tls.o)
                0x080005d8                __aeabi_idiv0
                0x080005d8                __aeabi_ldiv0
 *(.text*)
 .text.Default_Handler
                0x080005dc        0x4 build/startup_stm32h750xx.o
                0x080005dc                RTC_Alarm_IRQHandler
                0x080005dc                HASH_RNG_IRQHandler
                0x080005dc                EXTI2_IRQHandler
                0x080005dc                TIM8_CC_IRQHandler
                0x080005dc                HRTIM1_Master_IRQHandler
                0x080005dc                DebugMon_Handler
                0x080005dc                TIM1_CC_IRQHandler
                0x080005dc                BDMA_Channel6_IRQHandler
                0x080005dc                DMA2_Stream5_IRQHandler
                0x080005dc                HRTIM1_FLT_IRQHandler
                0x080005dc                JPEG_IRQHandler
                0x080005dc                BDMA_Channel1_IRQHandler
                0x080005dc                HRTIM1_TIMD_IRQHandler
                0x080005dc                TAMP_STAMP_IRQHandler
                0x080005dc                PendSV_Handler
                0x080005dc                NMI_Handler
                0x080005dc                EXTI3_IRQHandler
                0x080005dc                LPTIM4_IRQHandler
                0x080005dc                TIM8_TRG_COM_TIM14_IRQHandler
                0x080005dc                LPTIM2_IRQHandler
                0x080005dc                DFSDM1_FLT1_IRQHandler
                0x080005dc                DMAMUX2_OVR_IRQHandler
                0x080005dc                TIM8_UP_TIM13_IRQHandler
                0x080005dc                I2C3_ER_IRQHandler
                0x080005dc                DFSDM1_FLT2_IRQHandler
                0x080005dc                MDMA_IRQHandler
                0x080005dc                LPTIM3_IRQHandler
                0x080005dc                HSEM1_IRQHandler
                0x080005dc                EXTI0_IRQHandler
                0x080005dc                FPU_IRQHandler
                0x080005dc                OTG_HS_WKUP_IRQHandler
                0x080005dc                FDCAN1_IT1_IRQHandler
                0x080005dc                UsageFault_Handler
                0x080005dc                LTDC_ER_IRQHandler
                0x080005dc                HRTIM1_TIME_IRQHandler
                0x080005dc                DCMI_IRQHandler
                0x080005dc                HRTIM1_TIMC_IRQHandler
                0x080005dc                SAI2_IRQHandler
                0x080005dc                DFSDM1_FLT3_IRQHandler
                0x080005dc                TIM17_IRQHandler
                0x080005dc                CRYP_IRQHandler
                0x080005dc                BDMA_Channel7_IRQHandler
                0x080005dc                LPTIM5_IRQHandler
                0x080005dc                ADC3_IRQHandler
                0x080005dc                BDMA_Channel2_IRQHandler
                0x080005dc                DMAMUX1_OVR_IRQHandler
                0x080005dc                TIM16_IRQHandler
                0x080005dc                BDMA_Channel5_IRQHandler
                0x080005dc                RCC_IRQHandler
                0x080005dc                TIM8_BRK_TIM12_IRQHandler
                0x080005dc                TIM1_TRG_COM_IRQHandler
                0x080005dc                Default_Handler
                0x080005dc                ECC_IRQHandler
                0x080005dc                CEC_IRQHandler
                0x080005dc                EXTI15_10_IRQHandler
                0x080005dc                BDMA_Channel0_IRQHandler
                0x080005dc                ADC_IRQHandler
                0x080005dc                DMA1_Stream7_IRQHandler
                0x080005dc                HRTIM1_TIMA_IRQHandler
                0x080005dc                TIM7_IRQHandler
                0x080005dc                SDMMC1_IRQHandler
                0x080005dc                DMA2_Stream7_IRQHandler
                0x080005dc                TIM15_IRQHandler
                0x080005dc                PVD_AVD_IRQHandler
                0x080005dc                EXTI9_5_IRQHandler
                0x080005dc                RTC_WKUP_IRQHandler
                0x080005dc                LTDC_IRQHandler
                0x080005dc                SAI3_IRQHandler
                0x080005dc                ETH_WKUP_IRQHandler
                0x080005dc                SPDIF_RX_IRQHandler
                0x080005dc                MemManage_Handler
                0x080005dc                SVC_Handler
                0x080005dc                CRS_IRQHandler
                0x080005dc                EXTI4_IRQHandler
                0x080005dc                HRTIM1_TIMB_IRQHandler
                0x080005dc                FDCAN2_IT1_IRQHandler
                0x080005dc                ETH_IRQHandler
                0x080005dc                TIM1_UP_IRQHandler
                0x080005dc                BDMA_Channel4_IRQHandler
                0x080005dc                WWDG_IRQHandler
                0x080005dc                SPI6_IRQHandler
                0x080005dc                I2C4_EV_IRQHandler
                0x080005dc                MDIOS_IRQHandler
                0x080005dc                FDCAN2_IT0_IRQHandler
                0x080005dc                FDCAN1_IT0_IRQHandler
                0x080005dc                OTG_FS_WKUP_IRQHandler
                0x080005dc                DMA2D_IRQHandler
                0x080005dc                TIM1_BRK_IRQHandler
                0x080005dc                EXTI1_IRQHandler
                0x080005dc                SDMMC2_IRQHandler
                0x080005dc                OTG_FS_EP1_OUT_IRQHandler
                0x080005dc                BDMA_Channel3_IRQHandler
                0x080005dc                MDIOS_WKUP_IRQHandler
                0x080005dc                DFSDM1_FLT0_IRQHandler
                0x080005dc                SAI4_IRQHandler
                0x080005dc                I2C2_ER_IRQHandler
                0x080005dc                FLASH_IRQHandler
                0x080005dc                BusFault_Handler
                0x080005dc                OTG_FS_IRQHandler
                0x080005dc                WAKEUP_PIN_IRQHandler
                0x080005dc                OTG_FS_EP1_IN_IRQHandler
                0x080005dc                I2C1_ER_IRQHandler
                0x080005dc                FMC_IRQHandler
                0x080005dc                FDCAN_CAL_IRQHandler
                0x080005dc                SWPMI1_IRQHandler
                0x080005dc                COMP1_IRQHandler
                0x080005dc                LPTIM1_IRQHandler
                0x080005dc                I2C4_ER_IRQHandler
                0x080005dc                DMA2_Stream6_IRQHandler
                0x080005dc                SAI1_IRQHandler
 .text.Reset_Handler
                0x080005e0       0x44 build/startup_stm32h750xx.o
                0x080005e0                Reset_Handler
 .text._ZN5daisy8patch_sm12DaisyPatchSMD2Ev
                0x08000624        0x4 build/ENV2.o
                0x08000624                daisy::patch_sm::DaisyPatchSM::~DaisyPatchSM()
                0x08000624                daisy::patch_sm::DaisyPatchSM::~DaisyPatchSM()
 .text._Z13AudioCallbackPKPKfPPfj
                0x08000628       0x2c build/ENV2.o
                0x08000628                AudioCallback(float const* const*, float**, unsigned int)
 .text.startup.main
                0x08000654       0x1c build/ENV2.o
                0x08000654                main
 .text.startup._GLOBAL__sub_I_patch
                0x08000670       0x20 build/ENV2.o
 .text._ZN5daisy8patch_sm12DaisyPatchSM4Impl19InternalDacCallbackEPPtj
                0x08000690       0xa8 ../../libDaisy//build\libdaisy.a(daisy_patch_sm.o)
                0x08000690                daisy::patch_sm::DaisyPatchSM::Impl::InternalDacCallback(unsigned short**, unsigned int)
 .text._ZN5daisy8patch_sm12DaisyPatchSM4InitEv
                0x08000738      0x27c ../../libDaisy//build\libdaisy.a(daisy_patch_sm.o)
                0x08000738                daisy::patch_sm::DaisyPatchSM::Init()
 .text._ZN5daisy8patch_sm12DaisyPatchSM10StartAudioEPFvPKPKfPPfjE
                0x080009b4        0x8 ../../libDaisy//build\libdaisy.a(daisy_patch_sm.o)
                0x080009b4                daisy::patch_sm::DaisyPatchSM::StartAudio(void (*)(float const* const*, float**, unsigned int))
 .text.startup._GLOBAL__sub_I__ZN5daisy8patch_sm12DaisyPatchSM2A1E
                0x080009bc       0x28 ../../libDaisy//build\libdaisy.a(daisy_patch_sm.o)
 .text._ZN5daisy7Pcm30604InitENS_9I2CHandleE
                0x080009e4      0x16c ../../libDaisy//build\libdaisy.a(codec_pcm3060.o)
                0x080009e4                daisy::Pcm3060::Init(daisy::I2CHandle)
 .text._ZN11SdramHandle10DeviceInitEv
                0x08000b50       0x98 ../../libDaisy//build\libdaisy.a(sdram.o)
                0x08000b50                SdramHandle::DeviceInit()
 .text._ZN11SdramHandle4InitEv
                0x08000be8       0x7c ../../libDaisy//build\libdaisy.a(sdram.o)
                0x08000be8                SdramHandle::Init()
 .text.HAL_SDRAM_MspInit
                0x08000c64      0x1a8 ../../libDaisy//build\libdaisy.a(sdram.o)
                0x08000c64                HAL_SDRAM_MspInit
 .text._ZN5daisy11AudioHandle4Impl16InternalCallbackEPlS2_j
                0x08000e0c      0xbbc ../../libDaisy//build\libdaisy.a(audio.o)
                0x08000e0c                daisy::AudioHandle::Impl::InternalCallback(long*, long*, unsigned int)
 .text._ZN5daisy11AudioHandle4InitERKNS0_6ConfigENS_9SaiHandleE
                0x080019c8       0x70 ../../libDaisy//build\libdaisy.a(audio.o)
                0x080019c8                daisy::AudioHandle::Init(daisy::AudioHandle::Config const&, daisy::SaiHandle)
 .text._ZNK5daisy11AudioHandle9GetConfigEv
                0x08001a38        0x8 ../../libDaisy//build\libdaisy.a(audio.o)
                0x08001a38                daisy::AudioHandle::GetConfig() const
 .text._ZN5daisy11AudioHandle13GetSampleRateEv
                0x08001a40        0x8 ../../libDaisy//build\libdaisy.a(audio.o)
                0x08001a40                daisy::AudioHandle::GetSampleRate()
 .text._ZN5daisy11AudioHandle5StartEPFvPKPKfPPfjE
                0x08001a48       0x44 ../../libDaisy//build\libdaisy.a(audio.o)
                0x08001a48                daisy::AudioHandle::Start(void (*)(float const* const*, float**, unsigned int))
 .text.startup._GLOBAL__sub_I__ZN5daisy11AudioHandle4Impl4InitENS0_6ConfigENS_9SaiHandleE
                0x08001a8c       0x24 ../../libDaisy//build\libdaisy.a(audio.o)
 .text._ZN5daisy13AnalogControl4InitEPtfbbf
                0x08001ab0       0x64 ../../libDaisy//build\libdaisy.a(ctrl.o)
                0x08001ab0                daisy::AnalogControl::Init(unsigned short*, float, bool, bool, float)
 .text._ZN5daisy13AnalogControl13InitBipolarCvEPtf
                0x08001b14       0x6c ../../libDaisy//build\libdaisy.a(ctrl.o)
                0x08001b14                daisy::AnalogControl::InitBipolarCv(unsigned short*, float)
 .text._ZN5daisy6GateIn4InitEP12dsy_gpio_pinb
                0x08001b80       0x14 ../../libDaisy//build\libdaisy.a(gatein.o)
                0x08001b80                daisy::GateIn::Init(dsy_gpio_pin*, bool)
 .text._ZN5daisy16AdcChannelConfig10InitSingleE12dsy_gpio_pin
                0x08001b94       0x1c ../../libDaisy//build\libdaisy.a(adc.o)
                0x08001b94                daisy::AdcChannelConfig::InitSingle(dsy_gpio_pin)
 .text._ZN5daisy9AdcHandle4InitEPNS_16AdcChannelConfigEjNS0_12OverSamplingE
                0x08001bb0      0x3c8 ../../libDaisy//build\libdaisy.a(adc.o)
                0x08001bb0                daisy::AdcHandle::Init(daisy::AdcChannelConfig*, unsigned int, daisy::AdcHandle::OverSampling)
 .text._ZN5daisy9AdcHandle5StartEv
                0x08001f78       0x2c ../../libDaisy//build\libdaisy.a(adc.o)
                0x08001f78                daisy::AdcHandle::Start()
 .text._ZNK5daisy9AdcHandle6GetPtrEh
                0x08001fa4       0x14 ../../libDaisy//build\libdaisy.a(adc.o)
                0x08001fa4                daisy::AdcHandle::GetPtr(unsigned char) const
 .text.HAL_ADC_MspInit
                0x08001fb8       0x98 ../../libDaisy//build\libdaisy.a(adc.o)
                0x08001fb8                HAL_ADC_MspInit
 .text.DMA1_Stream2_IRQHandler
                0x08002050        0xc ../../libDaisy//build\libdaisy.a(adc.o)
                0x08002050                DMA1_Stream2_IRQHandler
 .text.HAL_ADC_ConvCpltCallback
                0x0800205c      0x148 ../../libDaisy//build\libdaisy.a(adc.o)
                0x0800205c                HAL_ADC_ConvCpltCallback
 .text.HAL_ADC_ErrorCallback
                0x080021a4        0x4 ../../libDaisy//build\libdaisy.a(adc.o)
                0x080021a4                HAL_ADC_ErrorCallback
 .text.HAL_DAC_MspInit
                0x080021a8      0x15c ../../libDaisy//build\libdaisy.a(dac.o)
                0x080021a8                HAL_DAC_MspInit
 .text.DMA2_Stream0_IRQHandler
                0x08002304        0xc ../../libDaisy//build\libdaisy.a(dac.o)
                0x08002304                DMA2_Stream0_IRQHandler
 .text.DMA2_Stream1_IRQHandler
                0x08002310        0xc ../../libDaisy//build\libdaisy.a(dac.o)
                0x08002310                DMA2_Stream1_IRQHandler
 .text.TIM6_DAC_IRQHandler
                0x0800231c       0x1c ../../libDaisy//build\libdaisy.a(dac.o)
                0x0800231c                TIM6_DAC_IRQHandler
 .text.HAL_DAC_ConvCpltCallbackCh1
                0x08002338       0x60 ../../libDaisy//build\libdaisy.a(dac.o)
                0x08002338                HAL_DAC_ConvCpltCallbackCh1
 .text.HAL_DAC_ConvHalfCpltCallbackCh1
                0x08002398       0x54 ../../libDaisy//build\libdaisy.a(dac.o)
                0x08002398                HAL_DAC_ConvHalfCpltCallbackCh1
 .text.HAL_DACEx_ConvHalfCpltCallbackCh2
                0x080023ec       0x2c ../../libDaisy//build\libdaisy.a(dac.o)
                0x080023ec                HAL_DACEx_ConvHalfCpltCallbackCh2
 .text.HAL_DACEx_ConvCpltCallbackCh2
                0x08002418       0x34 ../../libDaisy//build\libdaisy.a(dac.o)
                0x08002418                HAL_DACEx_ConvCpltCallbackCh2
 .text._ZN5daisy9DacHandle4InitERKNS0_6ConfigE
                0x0800244c       0xfc ../../libDaisy//build\libdaisy.a(dac.o)
                0x0800244c                daisy::DacHandle::Init(daisy::DacHandle::Config const&)
 .text._ZN5daisy9DacHandle5StartEPtS1_jPFvPS1_jE
                0x08002548       0x6c ../../libDaisy//build\libdaisy.a(dac.o)
                0x08002548                daisy::DacHandle::Start(unsigned short*, unsigned short*, unsigned int, void (*)(unsigned short**, unsigned int))
 .text._ZN5daisy9DacHandle4StopEv
                0x080025b4       0x40 ../../libDaisy//build\libdaisy.a(dac.o)
                0x080025b4                daisy::DacHandle::Stop()
 .text.dsy_gpio_init
                0x080025f4      0x1b8 ../../libDaisy//build\libdaisy.a(gpio.o)
                0x080025f4                dsy_gpio_init
 .text.dsy_gpio_write
                0x080027ac       0x24 ../../libDaisy//build\libdaisy.a(gpio.o)
                0x080027ac                dsy_gpio_write
 .text._ZN5daisy9I2CHandle4Impl8InitPinsEv
                0x080027d0       0x58 ../../libDaisy//build\libdaisy.a(i2c.o)
                0x080027d0                daisy::I2CHandle::Impl::InitPins()
 .text.HAL_I2C_MspInit
                0x08002828      0x1b4 ../../libDaisy//build\libdaisy.a(i2c.o)
                0x08002828                HAL_I2C_MspInit
 .text.dsy_i2c_global_init
                0x080029dc       0x78 ../../libDaisy//build\libdaisy.a(i2c.o)
                0x080029dc                dsy_i2c_global_init
 .text.DMA1_Stream6_IRQHandler
                0x08002a54       0x34 ../../libDaisy//build\libdaisy.a(i2c.o)
                0x08002a54                DMA1_Stream6_IRQHandler
 .text.I2C1_EV_IRQHandler
                0x08002a88        0xc ../../libDaisy//build\libdaisy.a(i2c.o)
                0x08002a88                I2C1_EV_IRQHandler
 .text.I2C2_EV_IRQHandler
                0x08002a94        0xc ../../libDaisy//build\libdaisy.a(i2c.o)
                0x08002a94                I2C2_EV_IRQHandler
 .text.I2C3_EV_IRQHandler
                0x08002aa0        0xc ../../libDaisy//build\libdaisy.a(i2c.o)
                0x08002aa0                I2C3_EV_IRQHandler
 .text._ZN5daisy9I2CHandle4InitERKNS0_6ConfigE
                0x08002aac      0x12c ../../libDaisy//build\libdaisy.a(i2c.o)
                0x08002aac                daisy::I2CHandle::Init(daisy::I2CHandle::Config const&)
 .text._ZN5daisy9I2CHandle17ReadDataAtAddressEtttPhtm
                0x08002bd8       0x4c ../../libDaisy//build\libdaisy.a(i2c.o)
                0x08002bd8                daisy::I2CHandle::ReadDataAtAddress(unsigned short, unsigned short, unsigned short, unsigned char*, unsigned short, unsigned long)
 .text._ZN5daisy9I2CHandle18WriteDataAtAddressEtttPhtm
                0x08002c24       0x4c ../../libDaisy//build\libdaisy.a(i2c.o)
                0x08002c24                daisy::I2CHandle::WriteDataAtAddress(unsigned short, unsigned short, unsigned short, unsigned char*, unsigned short, unsigned long)
 .text.startup._GLOBAL__sub_I__ZN5daisy9I2CHandle4Impl10GlobalInitEv
                0x08002c70       0x18 ../../libDaisy//build\libdaisy.a(i2c.o)
 .text._ZN5daisy10QSPIHandle4Impl11WriteEnableEv
                0x08002c88       0x8c ../../libDaisy//build\libdaisy.a(qspi.o)
                0x08002c88                daisy::QSPIHandle::Impl::WriteEnable()
 *fill*         0x08002d14        0x4 
 .text._ZN5daisy10QSPIHandle4Impl17DummyCyclesConfigENS0_6Config6DeviceE
                0x08002d18      0x118 ../../libDaisy//build\libdaisy.a(qspi.o)
                0x08002d18                daisy::QSPIHandle::Impl::DummyCyclesConfig(daisy::QSPIHandle::Config::Device)
 .text._ZN5daisy10QSPIHandle4Impl10QuadEnableEv
                0x08002e30      0x158 ../../libDaisy//build\libdaisy.a(qspi.o)
                0x08002e30                daisy::QSPIHandle::Impl::QuadEnable()
 .text._ZN5daisy10QSPIHandle4InitERKNS0_6ConfigE
                0x08002f88      0x198 ../../libDaisy//build\libdaisy.a(qspi.o)
                0x08002f88                daisy::QSPIHandle::Init(daisy::QSPIHandle::Config const&)
 .text.HAL_QSPI_MspInit
                0x08003120      0x11c ../../libDaisy//build\libdaisy.a(qspi.o)
                0x08003120                HAL_QSPI_MspInit
 .text.HAL_QSPI_MspDeInit
                0x0800323c       0x54 ../../libDaisy//build\libdaisy.a(qspi.o)
                0x0800323c                HAL_QSPI_MspDeInit
 .text.QUADSPI_IRQHandler
                0x08003290        0xc ../../libDaisy//build\libdaisy.a(qspi.o)
                0x08003290                QUADSPI_IRQHandler
 .text.startup._GLOBAL__sub_I__ZN5daisy10QSPIHandle4Impl4InitERKNS0_6ConfigE
                0x0800329c       0x28 ../../libDaisy//build\libdaisy.a(qspi.o)
 .text._ZN5daisy9SaiHandle4Impl7InitDmaENS1_15PeripheralBlockE
                0x080032c4       0xa0 ../../libDaisy//build\libdaisy.a(sai.o)
                0x080032c4                daisy::SaiHandle::Impl::InitDma(daisy::SaiHandle::Impl::PeripheralBlock)
 .text._ZN5daisy9SaiHandle4Impl8InitPinsEv
                0x08003364       0xa8 ../../libDaisy//build\libdaisy.a(sai.o)
                0x08003364                daisy::SaiHandle::Impl::InitPins()
 .text.HAL_SAI_MspInit
                0x0800340c      0x164 ../../libDaisy//build\libdaisy.a(sai.o)
                0x0800340c                HAL_SAI_MspInit
 .text.DMA1_Stream0_IRQHandler
                0x08003570        0xc ../../libDaisy//build\libdaisy.a(sai.o)
                0x08003570                DMA1_Stream0_IRQHandler
 .text.DMA1_Stream1_IRQHandler
                0x0800357c        0xc ../../libDaisy//build\libdaisy.a(sai.o)
                0x0800357c                DMA1_Stream1_IRQHandler
 .text.DMA1_Stream3_IRQHandler
                0x08003588        0xc ../../libDaisy//build\libdaisy.a(sai.o)
                0x08003588                DMA1_Stream3_IRQHandler
 .text.DMA1_Stream4_IRQHandler
                0x08003594        0xc ../../libDaisy//build\libdaisy.a(sai.o)
                0x08003594                DMA1_Stream4_IRQHandler
 .text.HAL_SAI_RxHalfCpltCallback
                0x080035a0       0x78 ../../libDaisy//build\libdaisy.a(sai.o)
                0x080035a0                HAL_SAI_RxHalfCpltCallback
 .text.HAL_SAI_RxCpltCallback
                0x08003618       0x70 ../../libDaisy//build\libdaisy.a(sai.o)
                0x08003618                HAL_SAI_RxCpltCallback
 .text._ZN5daisy9SaiHandle4InitERKNS0_6ConfigE
                0x08003688      0x1f0 ../../libDaisy//build\libdaisy.a(sai.o)
                0x08003688                daisy::SaiHandle::Init(daisy::SaiHandle::Config const&)
 .text._ZNK5daisy9SaiHandle9GetConfigEv
                0x08003878        0x4 ../../libDaisy//build\libdaisy.a(sai.o)
                0x08003878                daisy::SaiHandle::GetConfig() const
 .text._ZN5daisy9SaiHandle8StartDmaEPlS1_jPFvS1_S1_jE
                0x0800387c       0xbc ../../libDaisy//build\libdaisy.a(sai.o)
                0x0800387c                daisy::SaiHandle::StartDma(long*, long*, unsigned int, void (*)(long*, long*, unsigned int))
 .text._ZN5daisy9SaiHandle13GetSampleRateEv
                0x08003938       0x24 ../../libDaisy//build\libdaisy.a(sai.o)
                0x08003938                daisy::SaiHandle::GetSampleRate()
 .text._ZNK5daisy9SaiHandle9GetOffsetEv
                0x0800395c        0x8 ../../libDaisy//build\libdaisy.a(sai.o)
                0x0800395c                daisy::SaiHandle::GetOffset() const
 .text._ZN5daisy11TimerHandleD2Ev
                0x08003964        0x4 ../../libDaisy//build\libdaisy.a(system.o)
                0x08003964                daisy::TimerHandle::~TimerHandle()
                0x08003964                daisy::TimerHandle::~TimerHandle()
 .text.SysTick_Handler
                0x08003968       0x10 ../../libDaisy//build\libdaisy.a(system.o)
                0x08003968                SysTick_Handler
 .text.OTG_HS_EP1_OUT_IRQHandler
                0x08003978       0x24 ../../libDaisy//build\libdaisy.a(system.o)
                0x08003978                OTG_HS_EP1_OUT_IRQHandler
 .text.OTG_HS_EP1_IN_IRQHandler
                0x0800399c       0x24 ../../libDaisy//build\libdaisy.a(system.o)
                0x0800399c                OTG_HS_EP1_IN_IRQHandler
 .text.OTG_HS_IRQHandler
                0x080039c0       0x24 ../../libDaisy//build\libdaisy.a(system.o)
                0x080039c0                OTG_HS_IRQHandler
 .text.HardFault_Handler
                0x080039e4       0xe0 ../../libDaisy//build\libdaisy.a(system.o)
                0x080039e4                HardFault_Handler
 .text._ZN5daisy6System5DelayEm
                0x08003ac4        0x4 ../../libDaisy//build\libdaisy.a(system.o)
                0x08003ac4                daisy::System::Delay(unsigned long)
 .text._ZN5daisy6System15ConfigureClocksEv
                0x08003ac8      0x194 ../../libDaisy//build\libdaisy.a(system.o)
                0x08003ac8                daisy::System::ConfigureClocks()
 .text._ZN5daisy6System4InitERKNS0_6ConfigE
                0x08003c5c      0x140 ../../libDaisy//build\libdaisy.a(system.o)
                0x08003c5c                daisy::System::Init(daisy::System::Config const&)
 .text._ZN5daisy6System12GetPClk1FreqEv
                0x08003d9c        0x4 ../../libDaisy//build\libdaisy.a(system.o)
                0x08003d9c                daisy::System::GetPClk1Freq()
 .text._ZN5daisy6System12GetPClk2FreqEv
                0x08003da0        0x4 ../../libDaisy//build\libdaisy.a(system.o)
                0x08003da0                daisy::System::GetPClk2Freq()
 .text._ZN5daisy6System22GetProgramMemoryRegionEv
                0x08003da4       0x78 ../../libDaisy//build\libdaisy.a(system.o)
                0x08003da4                daisy::System::GetProgramMemoryRegion()
 .text.startup._GLOBAL__sub_I_SysTick_Handler
                0x08003e1c       0x1c ../../libDaisy//build\libdaisy.a(system.o)
 .text.SystemInit
                0x08003e38       0x9c ../../libDaisy//build\libdaisy.a(system_stm32h7xx.o)
                0x08003e38                SystemInit
 .text.HAL_PCD_SetupStageCallback
                0x08003ed4        0xc ../../libDaisy//build\libdaisy.a(usbd_conf.o)
                0x08003ed4                HAL_PCD_SetupStageCallback
 .text.HAL_PCD_DataOutStageCallback
                0x08003ee0       0x14 ../../libDaisy//build\libdaisy.a(usbd_conf.o)
                0x08003ee0                HAL_PCD_DataOutStageCallback
 .text.HAL_PCD_DataInStageCallback
                0x08003ef4       0x14 ../../libDaisy//build\libdaisy.a(usbd_conf.o)
                0x08003ef4                HAL_PCD_DataInStageCallback
 .text.HAL_PCD_SOFCallback
                0x08003f08        0x8 ../../libDaisy//build\libdaisy.a(usbd_conf.o)
                0x08003f08                HAL_PCD_SOFCallback
 .text.HAL_PCD_ResetCallback
                0x08003f10       0x24 ../../libDaisy//build\libdaisy.a(usbd_conf.o)
                0x08003f10                HAL_PCD_ResetCallback
 .text.HAL_PCD_SuspendCallback
                0x08003f34       0x30 ../../libDaisy//build\libdaisy.a(usbd_conf.o)
                0x08003f34                HAL_PCD_SuspendCallback
 .text.HAL_PCD_ResumeCallback
                0x08003f64        0x8 ../../libDaisy//build\libdaisy.a(usbd_conf.o)
                0x08003f64                HAL_PCD_ResumeCallback
 .text.HAL_PCD_ISOOUTIncompleteCallback
                0x08003f6c        0x8 ../../libDaisy//build\libdaisy.a(usbd_conf.o)
                0x08003f6c                HAL_PCD_ISOOUTIncompleteCallback
 .text.HAL_PCD_ISOINIncompleteCallback
                0x08003f74        0x8 ../../libDaisy//build\libdaisy.a(usbd_conf.o)
                0x08003f74                HAL_PCD_ISOINIncompleteCallback
 .text.HAL_PCD_ConnectCallback
                0x08003f7c        0x8 ../../libDaisy//build\libdaisy.a(usbd_conf.o)
                0x08003f7c                HAL_PCD_ConnectCallback
 .text.HAL_PCD_DisconnectCallback
                0x08003f84        0x8 ../../libDaisy//build\libdaisy.a(usbd_conf.o)
                0x08003f84                HAL_PCD_DisconnectCallback
 .text.USBD_LL_OpenEP
                0x08003f8c       0x24 ../../libDaisy//build\libdaisy.a(usbd_conf.o)
                0x08003f8c                USBD_LL_OpenEP
 .text.USBD_LL_StallEP
                0x08003fb0       0x1c ../../libDaisy//build\libdaisy.a(usbd_conf.o)
                0x08003fb0                USBD_LL_StallEP
 .text.USBD_LL_ClearStallEP
                0x08003fcc       0x1c ../../libDaisy//build\libdaisy.a(usbd_conf.o)
                0x08003fcc                USBD_LL_ClearStallEP
 .text.USBD_LL_IsStallEP
                0x08003fe8       0x28 ../../libDaisy//build\libdaisy.a(usbd_conf.o)
                0x08003fe8                USBD_LL_IsStallEP
 .text.USBD_LL_SetUSBAddress
                0x08004010       0x1c ../../libDaisy//build\libdaisy.a(usbd_conf.o)
                0x08004010                USBD_LL_SetUSBAddress
 .text.USBD_LL_Transmit
                0x0800402c       0x1c ../../libDaisy//build\libdaisy.a(usbd_conf.o)
                0x0800402c                USBD_LL_Transmit
 .text.USBD_LL_PrepareReceive
                0x08004048       0x1c ../../libDaisy//build\libdaisy.a(usbd_conf.o)
                0x08004048                USBD_LL_PrepareReceive
 .text.HAL_HCD_SOF_Callback
                0x08004064        0x8 ../../libDaisy//build\libdaisy.a(usbh_conf.o)
                0x08004064                HAL_HCD_SOF_Callback
 .text.HAL_HCD_Connect_Callback
                0x0800406c        0x8 ../../libDaisy//build\libdaisy.a(usbh_conf.o)
                0x0800406c                HAL_HCD_Connect_Callback
 .text.HAL_HCD_Disconnect_Callback
                0x08004074        0x8 ../../libDaisy//build\libdaisy.a(usbh_conf.o)
                0x08004074                HAL_HCD_Disconnect_Callback
 .text.HAL_HCD_HC_NotifyURBChange_Callback
                0x0800407c        0x4 ../../libDaisy//build\libdaisy.a(usbh_conf.o)
                0x0800407c                HAL_HCD_HC_NotifyURBChange_Callback
 .text.HAL_HCD_PortEnabled_Callback
                0x08004080        0x8 ../../libDaisy//build\libdaisy.a(usbh_conf.o)
                0x08004080                HAL_HCD_PortEnabled_Callback
 .text.HAL_HCD_PortDisabled_Callback
                0x08004088        0x8 ../../libDaisy//build\libdaisy.a(usbh_conf.o)
                0x08004088                HAL_HCD_PortDisabled_Callback
 .text.USBH_LL_Stop
                0x08004090       0x1c ../../libDaisy//build\libdaisy.a(usbh_conf.o)
                0x08004090                USBH_LL_Stop
 .text.dsy_hal_map_get_port
                0x080040ac       0x10 ../../libDaisy//build\libdaisy.a(hal_map.o)
                0x080040ac                dsy_hal_map_get_port
 .text.dsy_hal_map_get_pin
                0x080040bc       0x10 ../../libDaisy//build\libdaisy.a(hal_map.o)
                0x080040bc                dsy_hal_map_get_pin
 .text.dsy_hal_map_gpio_clk_enable
                0x080040cc      0x150 ../../libDaisy//build\libdaisy.a(hal_map.o)
                0x080040cc                dsy_hal_map_gpio_clk_enable
 .text.HAL_MspInit
                0x0800421c        0x4 ../../libDaisy//build\libdaisy.a(stm32h7xx_hal.o)
                0x0800421c                HAL_MspInit
 .text.HAL_InitTick
                0x08004220       0x4c ../../libDaisy//build\libdaisy.a(stm32h7xx_hal.o)
                0x08004220                HAL_InitTick
 .text.HAL_Init
                0x0800426c       0x60 ../../libDaisy//build\libdaisy.a(stm32h7xx_hal.o)
                0x0800426c                HAL_Init
 .text.HAL_IncTick
                0x080042cc       0x18 ../../libDaisy//build\libdaisy.a(stm32h7xx_hal.o)
                0x080042cc                HAL_IncTick
 .text.HAL_GetTick
                0x080042e4        0xc ../../libDaisy//build\libdaisy.a(stm32h7xx_hal.o)
                0x080042e4                HAL_GetTick
 .text.HAL_Delay
                0x080042f0       0x24 ../../libDaisy//build\libdaisy.a(stm32h7xx_hal.o)
                0x080042f0                HAL_Delay
 .text.HAL_GetREVID
                0x08004314        0xc ../../libDaisy//build\libdaisy.a(stm32h7xx_hal.o)
                0x08004314                HAL_GetREVID
 .text.HAL_ADC_ConvHalfCpltCallback
                0x08004320        0x4 ../../libDaisy//build\libdaisy.a(stm32h7xx_hal_adc.o)
                0x08004320                HAL_ADC_ConvHalfCpltCallback
 .text.ADC_DMAHalfConvCplt
                0x08004324        0xc ../../libDaisy//build\libdaisy.a(stm32h7xx_hal_adc.o)
                0x08004324                ADC_DMAHalfConvCplt
 .text.ADC_DMAConvCplt
                0x08004330       0x6c ../../libDaisy//build\libdaisy.a(stm32h7xx_hal_adc.o)
                0x08004330                ADC_DMAConvCplt
 .text.ADC_DMAError
                0x0800439c       0x1c ../../libDaisy//build\libdaisy.a(stm32h7xx_hal_adc.o)
                0x0800439c                ADC_DMAError
 .text.HAL_ADC_ConfigChannel
                0x080043b8      0x3fc ../../libDaisy//build\libdaisy.a(stm32h7xx_hal_adc.o)
                0x080043b8                HAL_ADC_ConfigChannel
 .text.ADC_Enable
                0x080047b4       0xac ../../libDaisy//build\libdaisy.a(stm32h7xx_hal_adc.o)
                0x080047b4                ADC_Enable
 .text.HAL_ADC_Start_DMA
                0x08004860      0x114 ../../libDaisy//build\libdaisy.a(stm32h7xx_hal_adc.o)
                0x08004860                HAL_ADC_Start_DMA
 .text.ADC_Disable
                0x08004974       0x68 ../../libDaisy//build\libdaisy.a(stm32h7xx_hal_adc.o)
                0x08004974                ADC_Disable
 .text.ADC_ConfigureBoostMode
                0x080049dc      0x184 ../../libDaisy//build\libdaisy.a(stm32h7xx_hal_adc.o)
                0x080049dc                ADC_ConfigureBoostMode
 .text.HAL_ADC_Init
                0x08004b60      0x218 ../../libDaisy//build\libdaisy.a(stm32h7xx_hal_adc.o)
                0x08004b60                HAL_ADC_Init
 .text.HAL_ADCEx_Calibration_Start
                0x08004d78       0xa4 ../../libDaisy//build\libdaisy.a(stm32h7xx_hal_adc_ex.o)
                0x08004d78                HAL_ADCEx_Calibration_Start
 .text.HAL_ADCEx_MultiModeConfigChannel
                0x08004e1c       0xc4 ../../libDaisy//build\libdaisy.a(stm32h7xx_hal_adc_ex.o)
                0x08004e1c                HAL_ADCEx_MultiModeConfigChannel
 .text.HAL_NVIC_SetPriorityGrouping
                0x08004ee0       0x24 ../../libDaisy//build\libdaisy.a(stm32h7xx_hal_cortex.o)
                0x08004ee0                HAL_NVIC_SetPriorityGrouping
 .text.HAL_NVIC_SetPriority
                0x08004f04       0x7c ../../libDaisy//build\libdaisy.a(stm32h7xx_hal_cortex.o)
                0x08004f04                HAL_NVIC_SetPriority
 .text.HAL_NVIC_EnableIRQ
                0x08004f80       0x1c ../../libDaisy//build\libdaisy.a(stm32h7xx_hal_cortex.o)
                0x08004f80                HAL_NVIC_EnableIRQ
 .text.HAL_NVIC_DisableIRQ
                0x08004f9c       0x28 ../../libDaisy//build\libdaisy.a(stm32h7xx_hal_cortex.o)
                0x08004f9c                HAL_NVIC_DisableIRQ
 .text.HAL_SYSTICK_Config
                0x08004fc4       0x2c ../../libDaisy//build\libdaisy.a(stm32h7xx_hal_cortex.o)
                0x08004fc4                HAL_SYSTICK_Config
 .text.HAL_MPU_Disable
                0x08004ff0       0x1c ../../libDaisy//build\libdaisy.a(stm32h7xx_hal_cortex.o)
                0x08004ff0                HAL_MPU_Disable
 .text.HAL_MPU_Enable
                0x0800500c       0x20 ../../libDaisy//build\libdaisy.a(stm32h7xx_hal_cortex.o)
                0x0800500c                HAL_MPU_Enable
 .text.HAL_MPU_ConfigRegion
                0x0800502c       0x64 ../../libDaisy//build\libdaisy.a(stm32h7xx_hal_cortex.o)
                0x0800502c                HAL_MPU_ConfigRegion
 .text.HAL_SYSTICK_Callback
                0x08005090        0x4 ../../libDaisy//build\libdaisy.a(stm32h7xx_hal_cortex.o)
                0x08005090                HAL_SYSTICK_Callback
 .text.HAL_SYSTICK_IRQHandler
                0x08005094        0x8 ../../libDaisy//build\libdaisy.a(stm32h7xx_hal_cortex.o)
                0x08005094                HAL_SYSTICK_IRQHandler
 .text.HAL_DAC_Init
                0x0800509c       0x2c ../../libDaisy//build\libdaisy.a(stm32h7xx_hal_dac.o)
                0x0800509c                HAL_DAC_Init
 .text.HAL_DAC_Start_DMA
                0x080050c8      0x118 ../../libDaisy//build\libdaisy.a(stm32h7xx_hal_dac.o)
                0x080050c8                HAL_DAC_Start_DMA
 .text.HAL_DAC_Stop_DMA
                0x080051e0       0x5c ../../libDaisy//build\libdaisy.a(stm32h7xx_hal_dac.o)
                0x080051e0                HAL_DAC_Stop_DMA
 .text.DAC_DMAConvCpltCh1
                0x0800523c       0x10 ../../libDaisy//build\libdaisy.a(stm32h7xx_hal_dac.o)
 .text.DAC_DMAHalfConvCpltCh1
                0x0800524c        0xc ../../libDaisy//build\libdaisy.a(stm32h7xx_hal_dac.o)
 .text.HAL_DAC_ErrorCallbackCh1
                0x08005258        0x4 ../../libDaisy//build\libdaisy.a(stm32h7xx_hal_dac.o)
                0x08005258                HAL_DAC_ErrorCallbackCh1
 .text.DAC_DMAErrorCh1
                0x0800525c       0x18 ../../libDaisy//build\libdaisy.a(stm32h7xx_hal_dac.o)
 .text.HAL_DAC_DMAUnderrunCallbackCh1
                0x08005274        0x4 ../../libDaisy//build\libdaisy.a(stm32h7xx_hal_dac.o)
                0x08005274                HAL_DAC_DMAUnderrunCallbackCh1
 .text.HAL_DAC_IRQHandler
                0x08005278       0x68 ../../libDaisy//build\libdaisy.a(stm32h7xx_hal_dac.o)
                0x08005278                HAL_DAC_IRQHandler
 .text.HAL_DAC_ConfigChannel
                0x080052e0      0x130 ../../libDaisy//build\libdaisy.a(stm32h7xx_hal_dac.o)
                0x080052e0                HAL_DAC_ConfigChannel
 .text.HAL_DACEx_ErrorCallbackCh2
                0x08005410        0x4 ../../libDaisy//build\libdaisy.a(stm32h7xx_hal_dac_ex.o)
                0x08005410                HAL_DACEx_ErrorCallbackCh2
 .text.HAL_DACEx_DMAUnderrunCallbackCh2
                0x08005414        0x4 ../../libDaisy//build\libdaisy.a(stm32h7xx_hal_dac_ex.o)
                0x08005414                HAL_DACEx_DMAUnderrunCallbackCh2
 .text.DAC_DMAConvCpltCh2
                0x08005418       0x10 ../../libDaisy//build\libdaisy.a(stm32h7xx_hal_dac_ex.o)
                0x08005418                DAC_DMAConvCpltCh2
 .text.DAC_DMAHalfConvCpltCh2
                0x08005428        0xc ../../libDaisy//build\libdaisy.a(stm32h7xx_hal_dac_ex.o)
                0x08005428                DAC_DMAHalfConvCpltCh2
 .text.DAC_DMAErrorCh2
                0x08005434       0x18 ../../libDaisy//build\libdaisy.a(stm32h7xx_hal_dac_ex.o)
                0x08005434                DAC_DMAErrorCh2
 .text.DMA_CalcBaseAndBitshift
                0x0800544c       0xf4 ../../libDaisy//build\libdaisy.a(stm32h7xx_hal_dma.o)
 .text.DMA_CalcDMAMUXChannelBaseAndMask
                0x08005540       0xd8 ../../libDaisy//build\libdaisy.a(stm32h7xx_hal_dma.o)
 .text.HAL_DMA_Init
                0x08005618      0x37c ../../libDaisy//build\libdaisy.a(stm32h7xx_hal_dma.o)
                0x08005618                HAL_DMA_Init
 .text.HAL_DMA_Start_IT
                0x08005994      0x240 ../../libDaisy//build\libdaisy.a(stm32h7xx_hal_dma.o)
                0x08005994                HAL_DMA_Start_IT
 .text.HAL_DMA_Abort
                0x08005bd4      0x21c ../../libDaisy//build\libdaisy.a(stm32h7xx_hal_dma.o)
                0x08005bd4                HAL_DMA_Abort
 .text.HAL_DMA_Abort_IT
                0x08005df0      0x134 ../../libDaisy//build\libdaisy.a(stm32h7xx_hal_dma.o)
                0x08005df0                HAL_DMA_Abort_IT
 .text.HAL_DMA_IRQHandler
                0x08005f24      0x6a0 ../../libDaisy//build\libdaisy.a(stm32h7xx_hal_dma.o)
                0x08005f24                HAL_DMA_IRQHandler
 .text.HAL_DMA_GetError
                0x080065c4        0x4 ../../libDaisy//build\libdaisy.a(stm32h7xx_hal_dma.o)
                0x080065c4                HAL_DMA_GetError
 .text.HAL_GPIO_Init
                0x080065c8      0x280 ../../libDaisy//build\libdaisy.a(stm32h7xx_hal_gpio.o)
                0x080065c8                HAL_GPIO_Init
 .text.HAL_GPIO_DeInit
                0x08006848      0x190 ../../libDaisy//build\libdaisy.a(stm32h7xx_hal_gpio.o)
                0x08006848                HAL_GPIO_DeInit
 .text.HAL_GPIO_WritePin
                0x080069d8        0x8 ../../libDaisy//build\libdaisy.a(stm32h7xx_hal_gpio.o)
                0x080069d8                HAL_GPIO_WritePin
 .text.HAL_HCD_IRQHandler
                0x080069e0      0x780 ../../libDaisy//build\libdaisy.a(stm32h7xx_hal_hcd.o)
                0x080069e0                HAL_HCD_IRQHandler
 .text.HAL_HCD_Stop
                0x08007160       0x28 ../../libDaisy//build\libdaisy.a(stm32h7xx_hal_hcd.o)
                0x08007160                HAL_HCD_Stop
 .text.I2C_WaitOnTXISFlagUntilTimeout
                0x08007188       0xb8 ../../libDaisy//build\libdaisy.a(stm32h7xx_hal_i2c.o)
 .text.I2C_WaitOnSTOPFlagUntilTimeout
                0x08007240       0xac ../../libDaisy//build\libdaisy.a(stm32h7xx_hal_i2c.o)
 .text.HAL_I2C_Init
                0x080072ec       0xac ../../libDaisy//build\libdaisy.a(stm32h7xx_hal_i2c.o)
                0x080072ec                HAL_I2C_Init
 .text.HAL_I2C_Mem_Write
                0x08007398      0x254 ../../libDaisy//build\libdaisy.a(stm32h7xx_hal_i2c.o)
                0x08007398                HAL_I2C_Mem_Write
 .text.HAL_I2C_Mem_Read
                0x080075ec      0x29c ../../libDaisy//build\libdaisy.a(stm32h7xx_hal_i2c.o)
                0x080075ec                HAL_I2C_Mem_Read
 .text.HAL_I2C_EV_IRQHandler
                0x08007888       0x10 ../../libDaisy//build\libdaisy.a(stm32h7xx_hal_i2c.o)
                0x08007888                HAL_I2C_EV_IRQHandler
 .text.HAL_I2C_GetState
                0x08007898        0x8 ../../libDaisy//build\libdaisy.a(stm32h7xx_hal_i2c.o)
                0x08007898                HAL_I2C_GetState
 .text.HAL_I2CEx_ConfigAnalogFilter
                0x080078a0       0x54 ../../libDaisy//build\libdaisy.a(stm32h7xx_hal_i2c_ex.o)
                0x080078a0                HAL_I2CEx_ConfigAnalogFilter
 .text.HAL_I2CEx_ConfigDigitalFilter
                0x080078f4       0x58 ../../libDaisy//build\libdaisy.a(stm32h7xx_hal_i2c_ex.o)
                0x080078f4                HAL_I2CEx_ConfigDigitalFilter
 .text.HAL_PCD_IRQHandler
                0x0800794c      0x69c ../../libDaisy//build\libdaisy.a(stm32h7xx_hal_pcd.o)
                0x0800794c                HAL_PCD_IRQHandler
 .text.HAL_PCD_SetAddress
                0x08007fe8       0x2c ../../libDaisy//build\libdaisy.a(stm32h7xx_hal_pcd.o)
                0x08007fe8                HAL_PCD_SetAddress
 .text.HAL_PCD_EP_Open
                0x08008014       0x7c ../../libDaisy//build\libdaisy.a(stm32h7xx_hal_pcd.o)
                0x08008014                HAL_PCD_EP_Open
 .text.HAL_PCD_EP_Receive
                0x08008090       0x50 ../../libDaisy//build\libdaisy.a(stm32h7xx_hal_pcd.o)
                0x08008090                HAL_PCD_EP_Receive
 .text.HAL_PCD_EP_Transmit
                0x080080e0       0x50 ../../libDaisy//build\libdaisy.a(stm32h7xx_hal_pcd.o)
                0x080080e0                HAL_PCD_EP_Transmit
 .text.HAL_PCD_EP_SetStall
                0x08008130       0x88 ../../libDaisy//build\libdaisy.a(stm32h7xx_hal_pcd.o)
                0x08008130                HAL_PCD_EP_SetStall
 .text.HAL_PCD_EP_ClrStall
                0x080081b8       0x78 ../../libDaisy//build\libdaisy.a(stm32h7xx_hal_pcd.o)
                0x080081b8                HAL_PCD_EP_ClrStall
 .text.HAL_PCDEx_LPM_Callback
                0x08008230        0x4 ../../libDaisy//build\libdaisy.a(stm32h7xx_hal_pcd_ex.o)
                0x08008230                HAL_PCDEx_LPM_Callback
 .text.HAL_PWREx_ConfigSupply
                0x08008234       0x4c ../../libDaisy//build\libdaisy.a(stm32h7xx_hal_pwr_ex.o)
                0x08008234                HAL_PWREx_ConfigSupply
 .text.HAL_PWREx_EnableUSBVoltageDetector
                0x08008280       0x10 ../../libDaisy//build\libdaisy.a(stm32h7xx_hal_pwr_ex.o)
                0x08008280                HAL_PWREx_EnableUSBVoltageDetector
 .text.QSPI_Config
                0x08008290      0x174 ../../libDaisy//build\libdaisy.a(stm32h7xx_hal_qspi.o)
 .text.HAL_QSPI_Init
                0x08008404       0xd8 ../../libDaisy//build\libdaisy.a(stm32h7xx_hal_qspi.o)
                0x08008404                HAL_QSPI_Init
 .text.HAL_QSPI_DeInit
                0x080084dc       0x3c ../../libDaisy//build\libdaisy.a(stm32h7xx_hal_qspi.o)
                0x080084dc                HAL_QSPI_DeInit
 .text.HAL_QSPI_Command
                0x08008518       0xd4 ../../libDaisy//build\libdaisy.a(stm32h7xx_hal_qspi.o)
                0x08008518                HAL_QSPI_Command
 .text.HAL_QSPI_Transmit
                0x080085ec       0xfc ../../libDaisy//build\libdaisy.a(stm32h7xx_hal_qspi.o)
                0x080085ec                HAL_QSPI_Transmit
 .text.HAL_QSPI_Receive
                0x080086e8      0x108 ../../libDaisy//build\libdaisy.a(stm32h7xx_hal_qspi.o)
                0x080086e8                HAL_QSPI_Receive
 .text.HAL_QSPI_AutoPolling
                0x080087f0       0xf0 ../../libDaisy//build\libdaisy.a(stm32h7xx_hal_qspi.o)
                0x080087f0                HAL_QSPI_AutoPolling
 .text.HAL_QSPI_MemoryMapped
                0x080088e0       0xc0 ../../libDaisy//build\libdaisy.a(stm32h7xx_hal_qspi.o)
                0x080088e0                HAL_QSPI_MemoryMapped
 .text.HAL_QSPI_ErrorCallback
                0x080089a0        0x4 ../../libDaisy//build\libdaisy.a(stm32h7xx_hal_qspi.o)
                0x080089a0                HAL_QSPI_ErrorCallback
 .text.QSPI_DMAAbortCplt
                0x080089a4       0x38 ../../libDaisy//build\libdaisy.a(stm32h7xx_hal_qspi.o)
 .text.HAL_QSPI_AbortCpltCallback
                0x080089dc        0x4 ../../libDaisy//build\libdaisy.a(stm32h7xx_hal_qspi.o)
                0x080089dc                HAL_QSPI_AbortCpltCallback
 .text.HAL_QSPI_CmdCpltCallback
                0x080089e0        0x4 ../../libDaisy//build\libdaisy.a(stm32h7xx_hal_qspi.o)
                0x080089e0                HAL_QSPI_CmdCpltCallback
 .text.HAL_QSPI_RxCpltCallback
                0x080089e4        0x4 ../../libDaisy//build\libdaisy.a(stm32h7xx_hal_qspi.o)
                0x080089e4                HAL_QSPI_RxCpltCallback
 .text.HAL_QSPI_TxCpltCallback
                0x080089e8        0x4 ../../libDaisy//build\libdaisy.a(stm32h7xx_hal_qspi.o)
                0x080089e8                HAL_QSPI_TxCpltCallback
 .text.HAL_QSPI_FifoThresholdCallback
                0x080089ec        0x4 ../../libDaisy//build\libdaisy.a(stm32h7xx_hal_qspi.o)
                0x080089ec                HAL_QSPI_FifoThresholdCallback
 .text.HAL_QSPI_StatusMatchCallback
                0x080089f0        0x4 ../../libDaisy//build\libdaisy.a(stm32h7xx_hal_qspi.o)
                0x080089f0                HAL_QSPI_StatusMatchCallback
 .text.HAL_QSPI_TimeOutCallback
                0x080089f4        0x4 ../../libDaisy//build\libdaisy.a(stm32h7xx_hal_qspi.o)
                0x080089f4                HAL_QSPI_TimeOutCallback
 .text.HAL_QSPI_IRQHandler
                0x080089f8      0x210 ../../libDaisy//build\libdaisy.a(stm32h7xx_hal_qspi.o)
                0x080089f8                HAL_QSPI_IRQHandler
 .text.HAL_RCC_OscConfig
                0x08008c08      0x51c ../../libDaisy//build\libdaisy.a(stm32h7xx_hal_rcc.o)
                0x08008c08                HAL_RCC_OscConfig
 .text.HAL_RCC_GetSysClockFreq
                0x08009124      0x140 ../../libDaisy//build\libdaisy.a(stm32h7xx_hal_rcc.o)
                0x08009124                HAL_RCC_GetSysClockFreq
 .text.HAL_RCC_ClockConfig
                0x08009264      0x234 ../../libDaisy//build\libdaisy.a(stm32h7xx_hal_rcc.o)
                0x08009264                HAL_RCC_ClockConfig
 .text.HAL_RCC_GetHCLKFreq
                0x08009498       0x2c ../../libDaisy//build\libdaisy.a(stm32h7xx_hal_rcc.o)
                0x08009498                HAL_RCC_GetHCLKFreq
 .text.HAL_RCC_GetPCLK1Freq
                0x080094c4       0x38 ../../libDaisy//build\libdaisy.a(stm32h7xx_hal_rcc.o)
                0x080094c4                HAL_RCC_GetPCLK1Freq
 .text.HAL_RCC_GetPCLK2Freq
                0x080094fc       0x38 ../../libDaisy//build\libdaisy.a(stm32h7xx_hal_rcc.o)
                0x080094fc                HAL_RCC_GetPCLK2Freq
 .text.RCCEx_PLL2_Config
                0x08009534       0xf4 ../../libDaisy//build\libdaisy.a(stm32h7xx_hal_rcc_ex.o)
 .text.RCCEx_PLL3_Config
                0x08009628       0xf4 ../../libDaisy//build\libdaisy.a(stm32h7xx_hal_rcc_ex.o)
 .text.HAL_RCCEx_PeriphCLKConfig
                0x0800971c      0xa7c ../../libDaisy//build\libdaisy.a(stm32h7xx_hal_rcc_ex.o)
                0x0800971c                HAL_RCCEx_PeriphCLKConfig
 .text.HAL_RCCEx_GetD3PCLK1Freq
                0x0800a198       0x24 ../../libDaisy//build\libdaisy.a(stm32h7xx_hal_rcc_ex.o)
                0x0800a198                HAL_RCCEx_GetD3PCLK1Freq
 .text.HAL_RCCEx_GetPLL2ClockFreq
                0x0800a1bc      0x17c ../../libDaisy//build\libdaisy.a(stm32h7xx_hal_rcc_ex.o)
                0x0800a1bc                HAL_RCCEx_GetPLL2ClockFreq
 .text.HAL_RCCEx_GetPLL3ClockFreq
                0x0800a338      0x17c ../../libDaisy//build\libdaisy.a(stm32h7xx_hal_rcc_ex.o)
                0x0800a338                HAL_RCCEx_GetPLL3ClockFreq
 .text.HAL_RCCEx_GetPLL1ClockFreq
                0x0800a4b4      0x17c ../../libDaisy//build\libdaisy.a(stm32h7xx_hal_rcc_ex.o)
                0x0800a4b4                HAL_RCCEx_GetPLL1ClockFreq
 .text.HAL_RCCEx_GetPeriphCLKFreq
                0x0800a630      0x198 ../../libDaisy//build\libdaisy.a(stm32h7xx_hal_rcc_ex.o)
                0x0800a630                HAL_RCCEx_GetPeriphCLKFreq
 .text.HAL_RCCEx_GetD1SysClockFreq
                0x0800a7c8       0x2c ../../libDaisy//build\libdaisy.a(stm32h7xx_hal_rcc_ex.o)
                0x0800a7c8                HAL_RCCEx_GetD1SysClockFreq
 .text.HAL_SAI_Init.part.0
                0x0800a7f4      0x348 ../../libDaisy//build\libdaisy.a(stm32h7xx_hal_sai.o)
 .text.HAL_SAI_InitProtocol
                0x0800ab3c      0x178 ../../libDaisy//build\libdaisy.a(stm32h7xx_hal_sai.o)
                0x0800ab3c                HAL_SAI_InitProtocol
 .text.HAL_SAI_Transmit_DMA
                0x0800acb4      0x124 ../../libDaisy//build\libdaisy.a(stm32h7xx_hal_sai.o)
                0x0800acb4                HAL_SAI_Transmit_DMA
 .text.HAL_SAI_Receive_DMA
                0x0800add8       0xd0 ../../libDaisy//build\libdaisy.a(stm32h7xx_hal_sai.o)
                0x0800add8                HAL_SAI_Receive_DMA
 .text.HAL_SAI_TxCpltCallback
                0x0800aea8        0x4 ../../libDaisy//build\libdaisy.a(stm32h7xx_hal_sai.o)
                0x0800aea8                HAL_SAI_TxCpltCallback
 .text.SAI_DMATxCplt
                0x0800aeac       0x64 ../../libDaisy//build\libdaisy.a(stm32h7xx_hal_sai.o)
 .text.HAL_SAI_TxHalfCpltCallback
                0x0800af10        0x4 ../../libDaisy//build\libdaisy.a(stm32h7xx_hal_sai.o)
                0x0800af10                HAL_SAI_TxHalfCpltCallback
 .text.SAI_DMATxHalfCplt
                0x0800af14        0xc ../../libDaisy//build\libdaisy.a(stm32h7xx_hal_sai.o)
 .text.SAI_DMARxCplt
                0x0800af20       0x64 ../../libDaisy//build\libdaisy.a(stm32h7xx_hal_sai.o)
 .text.SAI_DMARxHalfCplt
                0x0800af84        0xc ../../libDaisy//build\libdaisy.a(stm32h7xx_hal_sai.o)
 .text.HAL_SAI_ErrorCallback
                0x0800af90        0x4 ../../libDaisy//build\libdaisy.a(stm32h7xx_hal_sai.o)
                0x0800af90                HAL_SAI_ErrorCallback
 .text.SAI_DMAError
                0x0800af94       0x6c ../../libDaisy//build\libdaisy.a(stm32h7xx_hal_sai.o)
 .text.HAL_SDRAM_Init
                0x0800b000       0x54 ../../libDaisy//build\libdaisy.a(stm32h7xx_hal_sdram.o)
                0x0800b000                HAL_SDRAM_Init
 .text.HAL_SDRAM_SendCommand
                0x0800b054       0x40 ../../libDaisy//build\libdaisy.a(stm32h7xx_hal_sdram.o)
                0x0800b054                HAL_SDRAM_SendCommand
 .text.HAL_SDRAM_ProgramRefreshRate
                0x0800b094       0x30 ../../libDaisy//build\libdaisy.a(stm32h7xx_hal_sdram.o)
                0x0800b094                HAL_SDRAM_ProgramRefreshRate
 .text.HAL_TIM_Base_Init
                0x0800b0c4      0x140 ../../libDaisy//build\libdaisy.a(stm32h7xx_hal_tim.o)
                0x0800b0c4                HAL_TIM_Base_Init
 .text.HAL_TIM_Base_Start
                0x0800b204       0x34 ../../libDaisy//build\libdaisy.a(stm32h7xx_hal_tim.o)
                0x0800b204                HAL_TIM_Base_Start
 .text.HAL_TIM_Base_Start_IT
                0x0800b238       0x2c ../../libDaisy//build\libdaisy.a(stm32h7xx_hal_tim.o)
                0x0800b238                HAL_TIM_Base_Start_IT
 .text.HAL_TIM_ConfigClockSource
                0x0800b264      0x17c ../../libDaisy//build\libdaisy.a(stm32h7xx_hal_tim.o)
                0x0800b264                HAL_TIM_ConfigClockSource
 .text.HAL_TIM_OC_DelayElapsedCallback
                0x0800b3e0        0x4 ../../libDaisy//build\libdaisy.a(stm32h7xx_hal_tim.o)
                0x0800b3e0                HAL_TIM_OC_DelayElapsedCallback
 .text.HAL_TIM_IC_CaptureCallback
                0x0800b3e4        0x4 ../../libDaisy//build\libdaisy.a(stm32h7xx_hal_tim.o)
                0x0800b3e4                HAL_TIM_IC_CaptureCallback
 .text.HAL_TIM_PWM_PulseFinishedCallback
                0x0800b3e8        0x4 ../../libDaisy//build\libdaisy.a(stm32h7xx_hal_tim.o)
                0x0800b3e8                HAL_TIM_PWM_PulseFinishedCallback
 .text.HAL_TIM_TriggerCallback
                0x0800b3ec        0x4 ../../libDaisy//build\libdaisy.a(stm32h7xx_hal_tim.o)
                0x0800b3ec                HAL_TIM_TriggerCallback
 .text.HAL_TIM_IRQHandler
                0x0800b3f0      0x170 ../../libDaisy//build\libdaisy.a(stm32h7xx_hal_tim.o)
                0x0800b3f0                HAL_TIM_IRQHandler
 .text.HAL_TIMEx_MasterConfigSynchronization
                0x0800b560       0x64 ../../libDaisy//build\libdaisy.a(stm32h7xx_hal_tim_ex.o)
                0x0800b560                HAL_TIMEx_MasterConfigSynchronization
 .text.HAL_TIMEx_CommutCallback
                0x0800b5c4        0x4 ../../libDaisy//build\libdaisy.a(stm32h7xx_hal_tim_ex.o)
                0x0800b5c4                HAL_TIMEx_CommutCallback
 .text.HAL_TIMEx_BreakCallback
                0x0800b5c8        0x4 ../../libDaisy//build\libdaisy.a(stm32h7xx_hal_tim_ex.o)
                0x0800b5c8                HAL_TIMEx_BreakCallback
 .text.HAL_TIMEx_Break2Callback
                0x0800b5cc        0x4 ../../libDaisy//build\libdaisy.a(stm32h7xx_hal_tim_ex.o)
                0x0800b5cc                HAL_TIMEx_Break2Callback
 .text.FMC_SDRAM_Init
                0x0800b5d0       0x7c ../../libDaisy//build\libdaisy.a(stm32h7xx_ll_fmc.o)
                0x0800b5d0                FMC_SDRAM_Init
 .text.FMC_SDRAM_Timing_Init
                0x0800b64c       0x98 ../../libDaisy//build\libdaisy.a(stm32h7xx_ll_fmc.o)
                0x0800b64c                FMC_SDRAM_Timing_Init
 .text.FMC_SDRAM_SendCommand
                0x0800b6e4       0x28 ../../libDaisy//build\libdaisy.a(stm32h7xx_ll_fmc.o)
                0x0800b6e4                FMC_SDRAM_SendCommand
 .text.FMC_SDRAM_ProgramRefreshRate
                0x0800b70c       0x1c ../../libDaisy//build\libdaisy.a(stm32h7xx_ll_fmc.o)
                0x0800b70c                FMC_SDRAM_ProgramRefreshRate
 .text.USB_SetTurnaroundTime
                0x0800b728      0x104 ../../libDaisy//build\libdaisy.a(stm32h7xx_ll_usb.o)
                0x0800b728                USB_SetTurnaroundTime
 .text.USB_FlushTxFifo
                0x0800b82c       0x34 ../../libDaisy//build\libdaisy.a(stm32h7xx_ll_usb.o)
                0x0800b82c                USB_FlushTxFifo
 .text.USB_GetDevSpeed
                0x0800b860       0x24 ../../libDaisy//build\libdaisy.a(stm32h7xx_ll_usb.o)
                0x0800b860                USB_GetDevSpeed
 .text.USB_ActivateEndpoint
                0x0800b884       0x90 ../../libDaisy//build\libdaisy.a(stm32h7xx_ll_usb.o)
                0x0800b884                USB_ActivateEndpoint
 .text.USB_EPStartXfer
                0x0800b914      0x230 ../../libDaisy//build\libdaisy.a(stm32h7xx_ll_usb.o)
                0x0800b914                USB_EPStartXfer
 .text.USB_EP0StartXfer
                0x0800bb44      0x174 ../../libDaisy//build\libdaisy.a(stm32h7xx_ll_usb.o)
                0x0800bb44                USB_EP0StartXfer
 .text.USB_WritePacket
                0x0800bcb8       0x2c ../../libDaisy//build\libdaisy.a(stm32h7xx_ll_usb.o)
                0x0800bcb8                USB_WritePacket
 .text.USB_ReadPacket
                0x0800bce4       0x20 ../../libDaisy//build\libdaisy.a(stm32h7xx_ll_usb.o)
                0x0800bce4                USB_ReadPacket
 .text.USB_EPSetStall
                0x0800bd04       0x68 ../../libDaisy//build\libdaisy.a(stm32h7xx_ll_usb.o)
                0x0800bd04                USB_EPSetStall
 .text.USB_EPClearStall
                0x0800bd6c       0x58 ../../libDaisy//build\libdaisy.a(stm32h7xx_ll_usb.o)
                0x0800bd6c                USB_EPClearStall
 .text.USB_SetDevAddress
                0x0800bdc4       0x24 ../../libDaisy//build\libdaisy.a(stm32h7xx_ll_usb.o)
                0x0800bdc4                USB_SetDevAddress
 .text.USB_ReadInterrupts
                0x0800bde8       0x14 ../../libDaisy//build\libdaisy.a(stm32h7xx_ll_usb.o)
                0x0800bde8                USB_ReadInterrupts
 .text.USB_ReadDevAllOutEpInterrupt
                0x0800bdfc       0x1c ../../libDaisy//build\libdaisy.a(stm32h7xx_ll_usb.o)
                0x0800bdfc                USB_ReadDevAllOutEpInterrupt
 .text.USB_ReadDevAllInEpInterrupt
                0x0800be18       0x1c ../../libDaisy//build\libdaisy.a(stm32h7xx_ll_usb.o)
                0x0800be18                USB_ReadDevAllInEpInterrupt
 .text.USB_ReadDevOutEPInterrupt
                0x0800be34       0x1c ../../libDaisy//build\libdaisy.a(stm32h7xx_ll_usb.o)
                0x0800be34                USB_ReadDevOutEPInterrupt
 .text.USB_ReadDevInEPInterrupt
                0x0800be50       0x38 ../../libDaisy//build\libdaisy.a(stm32h7xx_ll_usb.o)
                0x0800be50                USB_ReadDevInEPInterrupt
 .text.USB_GetMode
                0x0800be88        0x8 ../../libDaisy//build\libdaisy.a(stm32h7xx_ll_usb.o)
                0x0800be88                USB_GetMode
 .text.USB_ActivateSetup
                0x0800be90       0x38 ../../libDaisy//build\libdaisy.a(stm32h7xx_ll_usb.o)
                0x0800be90                USB_ActivateSetup
 .text.USB_EP0_OutStart
                0x0800bec8       0x58 ../../libDaisy//build\libdaisy.a(stm32h7xx_ll_usb.o)
                0x0800bec8                USB_EP0_OutStart
 .text.USB_InitFSLSPClkSel
                0x0800bf20       0x44 ../../libDaisy//build\libdaisy.a(stm32h7xx_ll_usb.o)
                0x0800bf20                USB_InitFSLSPClkSel
 .text.USB_HC_ReadInterrupt
                0x0800bf64        0x8 ../../libDaisy//build\libdaisy.a(stm32h7xx_ll_usb.o)
                0x0800bf64                USB_HC_ReadInterrupt
 .text.USB_HC_Halt
                0x0800bf6c       0xc0 ../../libDaisy//build\libdaisy.a(stm32h7xx_ll_usb.o)
                0x0800bf6c                USB_HC_Halt
 .text.USB_StopHost
                0x0800c02c      0x2ec ../../libDaisy//build\libdaisy.a(stm32h7xx_ll_usb.o)
                0x0800c02c                USB_StopHost
 .text.USBD_SetClassConfig
                0x0800c318       0x14 ../../libDaisy//build\libdaisy.a(usbd_core.o)
                0x0800c318                USBD_SetClassConfig
 .text.USBD_ClrClassConfig
                0x0800c32c       0x10 ../../libDaisy//build\libdaisy.a(usbd_core.o)
                0x0800c32c                USBD_ClrClassConfig
 .text.USBD_LL_SetupStage
                0x0800c33c       0x5c ../../libDaisy//build\libdaisy.a(usbd_core.o)
                0x0800c33c                USBD_LL_SetupStage
 .text.USBD_LL_DataOutStage
                0x0800c398       0x7c ../../libDaisy//build\libdaisy.a(usbd_core.o)
                0x0800c398                USBD_LL_DataOutStage
 .text.USBD_LL_DataInStage
                0x0800c414       0xcc ../../libDaisy//build\libdaisy.a(usbd_core.o)
                0x0800c414                USBD_LL_DataInStage
 .text.USBD_LL_Reset
                0x0800c4e0       0x50 ../../libDaisy//build\libdaisy.a(usbd_core.o)
                0x0800c4e0                USBD_LL_Reset
 .text.USBD_LL_SetSpeed
                0x0800c530        0x8 ../../libDaisy//build\libdaisy.a(usbd_core.o)
                0x0800c530                USBD_LL_SetSpeed
 .text.USBD_LL_Suspend
                0x0800c538       0x14 ../../libDaisy//build\libdaisy.a(usbd_core.o)
                0x0800c538                USBD_LL_Suspend
 .text.USBD_LL_Resume
                0x0800c54c       0x10 ../../libDaisy//build\libdaisy.a(usbd_core.o)
                0x0800c54c                USBD_LL_Resume
 .text.USBD_LL_SOF
                0x0800c55c       0x1c ../../libDaisy//build\libdaisy.a(usbd_core.o)
                0x0800c55c                USBD_LL_SOF
 .text.USBD_LL_IsoINIncomplete
                0x0800c578        0x4 ../../libDaisy//build\libdaisy.a(usbd_core.o)
                0x0800c578                USBD_LL_IsoINIncomplete
 .text.USBD_LL_IsoOUTIncomplete
                0x0800c57c        0x4 ../../libDaisy//build\libdaisy.a(usbd_core.o)
                0x0800c57c                USBD_LL_IsoOUTIncomplete
 .text.USBD_LL_DevConnected
                0x0800c580        0x4 ../../libDaisy//build\libdaisy.a(usbd_core.o)
                0x0800c580                USBD_LL_DevConnected
 .text.USBD_LL_DevDisconnected
                0x0800c584       0x18 ../../libDaisy//build\libdaisy.a(usbd_core.o)
                0x0800c584                USBD_LL_DevDisconnected
 .text.USBD_StdDevReq
                0x0800c59c      0x304 ../../libDaisy//build\libdaisy.a(usbd_ctlreq.o)
                0x0800c59c                USBD_StdDevReq
 .text.USBD_StdItfReq
                0x0800c8a0       0x68 ../../libDaisy//build\libdaisy.a(usbd_ctlreq.o)
                0x0800c8a0                USBD_StdItfReq
 .text.USBD_StdEPReq
                0x0800c908      0x13c ../../libDaisy//build\libdaisy.a(usbd_ctlreq.o)
                0x0800c908                USBD_StdEPReq
 .text.USBD_ParseSetupRequest
                0x0800ca44       0x28 ../../libDaisy//build\libdaisy.a(usbd_ctlreq.o)
                0x0800ca44                USBD_ParseSetupRequest
 .text.USBD_CtlSendData
                0x0800ca6c       0x1c ../../libDaisy//build\libdaisy.a(usbd_ioreq.o)
                0x0800ca6c                USBD_CtlSendData
 .text.USBD_CtlContinueSendData
                0x0800ca88       0x14 ../../libDaisy//build\libdaisy.a(usbd_ioreq.o)
                0x0800ca88                USBD_CtlContinueSendData
 .text.USBD_CtlContinueRx
                0x0800ca9c       0x14 ../../libDaisy//build\libdaisy.a(usbd_ioreq.o)
                0x0800ca9c                USBD_CtlContinueRx
 .text.USBD_CtlSendStatus
                0x0800cab0       0x18 ../../libDaisy//build\libdaisy.a(usbd_ioreq.o)
                0x0800cab0                USBD_CtlSendStatus
 .text.USBD_CtlReceiveStatus
                0x0800cac8       0x18 ../../libDaisy//build\libdaisy.a(usbd_ioreq.o)
                0x0800cac8                USBD_CtlReceiveStatus
 .text.USBH_LL_IncTimer
                0x0800cae0       0x20 ../../libDaisy//build\libdaisy.a(usbh_core.o)
                0x0800cae0                USBH_LL_IncTimer
 .text.USBH_LL_PortEnabled
                0x0800cb00        0x8 ../../libDaisy//build\libdaisy.a(usbh_core.o)
                0x0800cb00                USBH_LL_PortEnabled
 .text.USBH_LL_PortDisabled
                0x0800cb08        0x8 ../../libDaisy//build\libdaisy.a(usbh_core.o)
                0x0800cb08                USBH_LL_PortDisabled
 .text.USBH_LL_Connect
                0x0800cb10       0x18 ../../libDaisy//build\libdaisy.a(usbh_core.o)
                0x0800cb10                USBH_LL_Connect
 .text.USBH_LL_Disconnect
                0x0800cb28       0x2c ../../libDaisy//build\libdaisy.a(usbh_core.o)
                0x0800cb28                USBH_LL_Disconnect
 .text.USBH_FreePipe
                0x0800cb54       0x18 ../../libDaisy//build\libdaisy.a(usbh_pipes.o)
                0x0800cb54                USBH_FreePipe
 .text._ZN5daisy6Random4InitEv
                0x0800cb6c       0x3c ../../libDaisy//build\libdaisy.a(rng.o)
                0x0800cb6c                daisy::Random::Init()
 .text._ZN5daisy9SpiHandle4Impl7InitDmaEv
                0x0800cba8       0xec ../../libDaisy//build\libdaisy.a(spi.o)
                0x0800cba8                daisy::SpiHandle::Impl::InitDma()
 .text._ZN5daisy9SpiHandle4Impl10StartDmaTxEPhjPFvPvEPFvS3_NS0_6ResultEES3_
                0x0800cc94       0xc8 ../../libDaisy//build\libdaisy.a(spi.o)
                0x0800cc94                daisy::SpiHandle::Impl::StartDmaTx(unsigned char*, unsigned int, void (*)(void*), void (*)(void*, daisy::SpiHandle::Result), void*)
 .text._ZN5daisy9SpiHandle4Impl10StartDmaRxEPhjPFvPvEPFvS3_NS0_6ResultEES3_
                0x0800cd5c       0xc8 ../../libDaisy//build\libdaisy.a(spi.o)
                0x0800cd5c                daisy::SpiHandle::Impl::StartDmaRx(unsigned char*, unsigned int, void (*)(void*), void (*)(void*, daisy::SpiHandle::Result), void*)
 .text._ZN5daisy9SpiHandle4Impl12StartDmaRxTxEPhS2_jPFvPvEPFvS3_NS0_6ResultEES3_
                0x0800ce24       0xcc ../../libDaisy//build\libdaisy.a(spi.o)
                0x0800ce24                daisy::SpiHandle::Impl::StartDmaRxTx(unsigned char*, unsigned char*, unsigned int, void (*)(void*), void (*)(void*, daisy::SpiHandle::Result), void*)
 .text._ZN5daisy9SpiHandle4Impl8InitPinsEv
                0x0800cef0      0x274 ../../libDaisy//build\libdaisy.a(spi.o)
                0x0800cef0                daisy::SpiHandle::Impl::InitPins()
 .text.HAL_SPI_MspInit
                0x0800d164      0x1a8 ../../libDaisy//build\libdaisy.a(spi.o)
                0x0800d164                HAL_SPI_MspInit
 .text.dsy_spi_global_init
                0x0800d30c       0x80 ../../libDaisy//build\libdaisy.a(spi.o)
                0x0800d30c                dsy_spi_global_init
 .text.SPI1_IRQHandler
                0x0800d38c        0xc ../../libDaisy//build\libdaisy.a(spi.o)
                0x0800d38c                SPI1_IRQHandler
 .text.SPI2_IRQHandler
                0x0800d398        0xc ../../libDaisy//build\libdaisy.a(spi.o)
                0x0800d398                SPI2_IRQHandler
 .text.SPI3_IRQHandler
                0x0800d3a4        0xc ../../libDaisy//build\libdaisy.a(spi.o)
                0x0800d3a4                SPI3_IRQHandler
 .text.SPI4_IRQHandler
                0x0800d3b0        0xc ../../libDaisy//build\libdaisy.a(spi.o)
                0x0800d3b0                SPI4_IRQHandler
 .text.SPI5_IRQHandler
                0x0800d3bc        0xc ../../libDaisy//build\libdaisy.a(spi.o)
                0x0800d3bc                SPI5_IRQHandler
 .text.DMA2_Stream2_IRQHandler
                0x0800d3c8       0x34 ../../libDaisy//build\libdaisy.a(spi.o)
                0x0800d3c8                DMA2_Stream2_IRQHandler
 .text.DMA2_Stream3_IRQHandler
                0x0800d3fc       0x38 ../../libDaisy//build\libdaisy.a(spi.o)
                0x0800d3fc                DMA2_Stream3_IRQHandler
 .text.HAL_SPI_TxCpltCallback
                0x0800d434       0xc4 ../../libDaisy//build\libdaisy.a(spi.o)
                0x0800d434                HAL_SPI_TxCpltCallback
 .text.HAL_SPI_RxCpltCallback
                0x0800d4f8       0xc4 ../../libDaisy//build\libdaisy.a(spi.o)
                0x0800d4f8                HAL_SPI_RxCpltCallback
 .text.HAL_SPI_TxRxCpltCallback
                0x0800d5bc       0xc4 ../../libDaisy//build\libdaisy.a(spi.o)
                0x0800d5bc                HAL_SPI_TxRxCpltCallback
 .text.HAL_SPI_ErrorCallback
                0x0800d680       0xc8 ../../libDaisy//build\libdaisy.a(spi.o)
                0x0800d680                HAL_SPI_ErrorCallback
 .text.startup._GLOBAL__sub_I__Z19MapInstanceToHandleP11SPI_TypeDef
                0x0800d748      0x1b0 ../../libDaisy//build\libdaisy.a(spi.o)
 .text.HAL_TIM_Base_MspInit
                0x0800d8f8      0x1e0 ../../libDaisy//build\libdaisy.a(tim.o)
                0x0800d8f8                HAL_TIM_Base_MspInit
 .text.HAL_TIM_PeriodElapsedCallback
                0x0800dad8       0x44 ../../libDaisy//build\libdaisy.a(tim.o)
                0x0800dad8                HAL_TIM_PeriodElapsedCallback
 .text.TIM2_IRQHandler
                0x0800db1c        0xc ../../libDaisy//build\libdaisy.a(tim.o)
                0x0800db1c                TIM2_IRQHandler
 .text.TIM3_IRQHandler
                0x0800db28        0xc ../../libDaisy//build\libdaisy.a(tim.o)
                0x0800db28                TIM3_IRQHandler
 .text.TIM4_IRQHandler
                0x0800db34        0xc ../../libDaisy//build\libdaisy.a(tim.o)
                0x0800db34                TIM4_IRQHandler
 .text.TIM5_IRQHandler
                0x0800db40        0xc ../../libDaisy//build\libdaisy.a(tim.o)
                0x0800db40                TIM5_IRQHandler
 .text._ZN5daisy11TimerHandle4InitERKNS0_6ConfigE
                0x0800db4c       0xd0 ../../libDaisy//build\libdaisy.a(tim.o)
                0x0800db4c                daisy::TimerHandle::Init(daisy::TimerHandle::Config const&)
 .text._ZN5daisy11TimerHandle5StartEv
                0x0800dc1c       0x24 ../../libDaisy//build\libdaisy.a(tim.o)
                0x0800dc1c                daisy::TimerHandle::Start()
 .text.startup._GLOBAL__sub_I__ZN5daisy11TimerHandle4Impl4InitERKNS0_6ConfigE
                0x0800dc40       0x38 ../../libDaisy//build\libdaisy.a(tim.o)
 .text._ZN5daisy11UartHandler4Impl7InitDmaEbb
                0x0800dc78      0x164 ../../libDaisy//build\libdaisy.a(uart.o)
                0x0800dc78                daisy::UartHandler::Impl::InitDma(bool, bool)
 .text._ZN5daisy11UartHandler4Impl10HandleFifoEv
                0x0800dddc       0xec ../../libDaisy//build\libdaisy.a(uart.o)
                0x0800dddc                daisy::UartHandler::Impl::HandleFifo()
 .text._ZN5daisy11UartHandler4Impl10StartDmaTxEPhjPFvPvEPFvS3_NS0_6ResultEES3_
                0x0800dec8       0xcc ../../libDaisy//build\libdaisy.a(uart.o)
                0x0800dec8                daisy::UartHandler::Impl::StartDmaTx(unsigned char*, unsigned int, void (*)(void*), void (*)(void*, daisy::UartHandler::Result), void*)
 .text._ZN5daisy11UartHandler4Impl10StartDmaRxEPhjPFvPvEPFvS3_NS0_6ResultEES3_
                0x0800df94       0xcc ../../libDaisy//build\libdaisy.a(uart.o)
                0x0800df94                daisy::UartHandler::Impl::StartDmaRx(unsigned char*, unsigned int, void (*)(void*), void (*)(void*, daisy::UartHandler::Result), void*)
 .text._ZN5daisy11UartHandler4Impl19DmaTransferFinishedEP20__UART_HandleTypeDefNS0_6ResultE
                0x0800e060       0xc0 ../../libDaisy//build\libdaisy.a(uart.o)
                0x0800e060                daisy::UartHandler::Impl::DmaTransferFinished(__UART_HandleTypeDef*, daisy::UartHandler::Result)
 .text._ZN5daisy11UartHandler4Impl8InitPinsEv
                0x0800e120      0x150 ../../libDaisy//build\libdaisy.a(uart.o)
                0x0800e120                daisy::UartHandler::Impl::InitPins()
 .text.HAL_UART_MspInit
                0x0800e270      0x210 ../../libDaisy//build\libdaisy.a(uart.o)
                0x0800e270                HAL_UART_MspInit
 .text.dsy_uart_global_init
                0x0800e480      0x110 ../../libDaisy//build\libdaisy.a(uart.o)
                0x0800e480                dsy_uart_global_init
 .text.USART1_IRQHandler
                0x0800e590       0x30 ../../libDaisy//build\libdaisy.a(uart.o)
                0x0800e590                USART1_IRQHandler
 .text.USART2_IRQHandler
                0x0800e5c0       0x34 ../../libDaisy//build\libdaisy.a(uart.o)
                0x0800e5c0                USART2_IRQHandler
 .text.USART3_IRQHandler
                0x0800e5f4       0x34 ../../libDaisy//build\libdaisy.a(uart.o)
                0x0800e5f4                USART3_IRQHandler
 .text.UART4_IRQHandler
                0x0800e628       0x34 ../../libDaisy//build\libdaisy.a(uart.o)
                0x0800e628                UART4_IRQHandler
 .text.UART5_IRQHandler
                0x0800e65c       0x34 ../../libDaisy//build\libdaisy.a(uart.o)
                0x0800e65c                UART5_IRQHandler
 .text.USART6_IRQHandler
                0x0800e690       0x34 ../../libDaisy//build\libdaisy.a(uart.o)
                0x0800e690                USART6_IRQHandler
 .text.UART7_IRQHandler
                0x0800e6c4       0x30 ../../libDaisy//build\libdaisy.a(uart.o)
                0x0800e6c4                UART7_IRQHandler
 .text.UART8_IRQHandler
                0x0800e6f4       0x34 ../../libDaisy//build\libdaisy.a(uart.o)
                0x0800e6f4                UART8_IRQHandler
 .text.LPUART1_IRQHandler
                0x0800e728       0x34 ../../libDaisy//build\libdaisy.a(uart.o)
                0x0800e728                LPUART1_IRQHandler
 .text.DMA1_Stream5_IRQHandler
                0x0800e75c       0x34 ../../libDaisy//build\libdaisy.a(uart.o)
                0x0800e75c                DMA1_Stream5_IRQHandler
 .text.DMA2_Stream4_IRQHandler
                0x0800e790       0x34 ../../libDaisy//build\libdaisy.a(uart.o)
                0x0800e790                DMA2_Stream4_IRQHandler
 .text.HAL_UART_TxCpltCallback
                0x0800e7c4        0x8 ../../libDaisy//build\libdaisy.a(uart.o)
                0x0800e7c4                HAL_UART_TxCpltCallback
 .text.HAL_UART_RxCpltCallback
                0x0800e7cc        0x8 ../../libDaisy//build\libdaisy.a(uart.o)
                0x0800e7cc                HAL_UART_RxCpltCallback
 .text.HAL_UART_ErrorCallback
                0x0800e7d4        0x8 ../../libDaisy//build\libdaisy.a(uart.o)
                0x0800e7d4                HAL_UART_ErrorCallback
 .text.startup._GLOBAL__sub_I__Z19MapInstanceToHandleP13USART_TypeDef
                0x0800e7dc      0x190 ../../libDaisy//build\libdaisy.a(uart.o)
 .text.dsy_dma_init
                0x0800e96c      0x100 ../../libDaisy//build\libdaisy.a(dma.o)
                0x0800e96c                dsy_dma_init
 .text.HAL_MDMA_Abort_IT
                0x0800ea6c       0x2c ../../libDaisy//build\libdaisy.a(stm32h7xx_hal_mdma.o)
                0x0800ea6c                HAL_MDMA_Abort_IT
 .text.SPI_CloseTransfer
                0x0800ea98       0xb8 ../../libDaisy//build\libdaisy.a(stm32h7xx_hal_spi.o)
 .text.HAL_SPI_Init
                0x0800eb50      0x15c ../../libDaisy//build\libdaisy.a(stm32h7xx_hal_spi.o)
                0x0800eb50                HAL_SPI_Init
 .text.HAL_SPI_Transmit_DMA
                0x0800ecac      0x170 ../../libDaisy//build\libdaisy.a(stm32h7xx_hal_spi.o)
                0x0800ecac                HAL_SPI_Transmit_DMA
 .text.HAL_SPI_TransmitReceive_DMA
                0x0800ee1c      0x218 ../../libDaisy//build\libdaisy.a(stm32h7xx_hal_spi.o)
                0x0800ee1c                HAL_SPI_TransmitReceive_DMA
 .text.HAL_SPI_Receive_DMA
                0x0800f034      0x1b4 ../../libDaisy//build\libdaisy.a(stm32h7xx_hal_spi.o)
                0x0800f034                HAL_SPI_Receive_DMA
 .text.SPI_DMATransmitCplt
                0x0800f1e8       0x28 ../../libDaisy//build\libdaisy.a(stm32h7xx_hal_spi.o)
 .text.SPI_DMAReceiveCplt
                0x0800f210       0x28 ../../libDaisy//build\libdaisy.a(stm32h7xx_hal_spi.o)
 .text.SPI_DMATransmitReceiveCplt
                0x0800f238       0x28 ../../libDaisy//build\libdaisy.a(stm32h7xx_hal_spi.o)
 .text.HAL_SPI_TxHalfCpltCallback
                0x0800f260        0x4 ../../libDaisy//build\libdaisy.a(stm32h7xx_hal_spi.o)
                0x0800f260                HAL_SPI_TxHalfCpltCallback
 .text.SPI_DMAHalfTransmitCplt
                0x0800f264        0xc ../../libDaisy//build\libdaisy.a(stm32h7xx_hal_spi.o)
 .text.HAL_SPI_RxHalfCpltCallback
                0x0800f270        0x4 ../../libDaisy//build\libdaisy.a(stm32h7xx_hal_spi.o)
                0x0800f270                HAL_SPI_RxHalfCpltCallback
 .text.SPI_DMAHalfReceiveCplt
                0x0800f274        0xc ../../libDaisy//build\libdaisy.a(stm32h7xx_hal_spi.o)
 .text.HAL_SPI_TxRxHalfCpltCallback
                0x0800f280        0x4 ../../libDaisy//build\libdaisy.a(stm32h7xx_hal_spi.o)
                0x0800f280                HAL_SPI_TxRxHalfCpltCallback
 .text.SPI_DMAHalfTransmitReceiveCplt
                0x0800f284        0xc ../../libDaisy//build\libdaisy.a(stm32h7xx_hal_spi.o)
 .text.SPI_DMAError
                0x0800f290       0xd8 ../../libDaisy//build\libdaisy.a(stm32h7xx_hal_spi.o)
 .text.HAL_SPI_IRQHandler
                0x0800f368      0x23c ../../libDaisy//build\libdaisy.a(stm32h7xx_hal_spi.o)
                0x0800f368                HAL_SPI_IRQHandler
 .text.SPI_DMAAbortOnError
                0x0800f5a4       0x1c ../../libDaisy//build\libdaisy.a(stm32h7xx_hal_spi.o)
 .text.HAL_SPI_GetState
                0x0800f5c0        0x8 ../../libDaisy//build\libdaisy.a(stm32h7xx_hal_spi.o)
                0x0800f5c0                HAL_SPI_GetState
 .text.HAL_UART_Transmit_DMA
                0x0800f5c8       0xa4 ../../libDaisy//build\libdaisy.a(stm32h7xx_hal_uart.o)
                0x0800f5c8                HAL_UART_Transmit_DMA
 .text.HAL_UART_Receive_DMA
                0x0800f66c       0xac ../../libDaisy//build\libdaisy.a(stm32h7xx_hal_uart.o)
                0x0800f66c                HAL_UART_Receive_DMA
 .text.UART_DMATransmitCplt
                0x0800f718       0x2c ../../libDaisy//build\libdaisy.a(stm32h7xx_hal_uart.o)
 .text.HAL_UART_TxHalfCpltCallback
                0x0800f744        0x4 ../../libDaisy//build\libdaisy.a(stm32h7xx_hal_uart.o)
                0x0800f744                HAL_UART_TxHalfCpltCallback
 .text.UART_DMATxHalfCplt
                0x0800f748        0xc ../../libDaisy//build\libdaisy.a(stm32h7xx_hal_uart.o)
 .text.UART_DMAReceiveCplt
                0x0800f754       0x38 ../../libDaisy//build\libdaisy.a(stm32h7xx_hal_uart.o)
 .text.HAL_UART_RxHalfCpltCallback
                0x0800f78c        0x4 ../../libDaisy//build\libdaisy.a(stm32h7xx_hal_uart.o)
                0x0800f78c                HAL_UART_RxHalfCpltCallback
 .text.UART_DMARxHalfCplt
                0x0800f790        0xc ../../libDaisy//build\libdaisy.a(stm32h7xx_hal_uart.o)
 .text.UART_DMAError
                0x0800f79c       0x78 ../../libDaisy//build\libdaisy.a(stm32h7xx_hal_uart.o)
 .text.HAL_UART_IRQHandler
                0x0800f814      0x1d0 ../../libDaisy//build\libdaisy.a(stm32h7xx_hal_uart.o)
                0x0800f814                HAL_UART_IRQHandler
 .text.UART_DMAAbortOnError
                0x0800f9e4       0x14 ../../libDaisy//build\libdaisy.a(stm32h7xx_hal_uart.o)
 .text.HAL_UART_GetState
                0x0800f9f8        0xc ../../libDaisy//build\libdaisy.a(stm32h7xx_hal_uart.o)
                0x0800f9f8                HAL_UART_GetState
 .text.UART_SetConfig
                0x0800fa04     0x14b8 ../../libDaisy//build\libdaisy.a(stm32h7xx_hal_uart.o)
                0x0800fa04                UART_SetConfig
 .text.UART_AdvFeatureConfig
                0x08010ebc       0xb0 ../../libDaisy//build\libdaisy.a(stm32h7xx_hal_uart.o)
                0x08010ebc                UART_AdvFeatureConfig
 .text.UART_CheckIdleState
                0x08010f6c       0x84 ../../libDaisy//build\libdaisy.a(stm32h7xx_hal_uart.o)
                0x08010f6c                UART_CheckIdleState
 .text.HAL_UART_Init
                0x08010ff0       0x68 ../../libDaisy//build\libdaisy.a(stm32h7xx_hal_uart.o)
                0x08010ff0                HAL_UART_Init
 .text.HAL_UARTEx_WakeupCallback
                0x08011058        0x4 ../../libDaisy//build\libdaisy.a(stm32h7xx_hal_uart_ex.o)
                0x08011058                HAL_UARTEx_WakeupCallback
 .text.HAL_UARTEx_RxFifoFullCallback
                0x0801105c        0x4 ../../libDaisy//build\libdaisy.a(stm32h7xx_hal_uart_ex.o)
                0x0801105c                HAL_UARTEx_RxFifoFullCallback
 .text.HAL_UARTEx_TxFifoEmptyCallback
                0x08011060        0x4 ../../libDaisy//build\libdaisy.a(stm32h7xx_hal_uart_ex.o)
                0x08011060                HAL_UARTEx_TxFifoEmptyCallback
 .text.__aeabi_atexit
                0x08011064        0xa c:/program files/daisytoolchain/bin/../lib/gcc/arm-none-eabi/10.2.1/../../../../arm-none-eabi/lib/thumb/v7e-m+dp/hard\libstdc++_nano.a(atexit_arm.o)
                0x08011064                __aeabi_atexit
 *fill*         0x0801106e        0x2 
 .text.__cxa_atexit
                0x08011070       0x1c c:/program files/daisytoolchain/bin/../lib/gcc/arm-none-eabi/10.2.1/../../../../arm-none-eabi/lib/thumb/v7e-m+dp/hard\libc_nano.a(lib_a-cxa_atexit.o)
                0x08011070                __cxa_atexit
 .text.__libc_init_array
                0x0801108c       0x48 c:/program files/daisytoolchain/bin/../lib/gcc/arm-none-eabi/10.2.1/../../../../arm-none-eabi/lib/thumb/v7e-m+dp/hard\libc_nano.a(lib_a-init.o)
                0x0801108c                __libc_init_array
 .text.memcpy   0x080110d4       0x1c c:/program files/daisytoolchain/bin/../lib/gcc/arm-none-eabi/10.2.1/../../../../arm-none-eabi/lib/thumb/v7e-m+dp/hard\libc_nano.a(lib_a-memcpy-stub.o)
                0x080110d4                memcpy
 .text.memset   0x080110f0       0x10 c:/program files/daisytoolchain/bin/../lib/gcc/arm-none-eabi/10.2.1/../../../../arm-none-eabi/lib/thumb/v7e-m+dp/hard\libc_nano.a(lib_a-memset.o)
                0x080110f0                memset
 *(.rodata)
 .rodata        0x08011100       0x18 ../../libDaisy//build\libdaisy.a(daisy_patch_sm.o)
 .rodata        0x08011118       0x10 ../../libDaisy//build\libdaisy.a(i2c.o)
 .rodata        0x08011128       0x10 ../../libDaisy//build\libdaisy.a(tim.o)
 .rodata        0x08011138       0x12 ../../libDaisy//build\libdaisy.a(uart.o)
 *(.rodata*)
 *fill*         0x0801114a        0x2 
 .rodata._ZN5daisy8patch_sm12DaisyPatchSM2B5E
                0x0801114c        0x2 ../../libDaisy//build\libdaisy.a(daisy_patch_sm.o)
                0x0801114c                daisy::patch_sm::DaisyPatchSM::B5
 *fill*         0x0801114e        0x2 
 .rodata._ZN5daisy8patch_sm12DaisyPatchSM2B6E
                0x08011150        0x2 ../../libDaisy//build\libdaisy.a(daisy_patch_sm.o)
                0x08011150                daisy::patch_sm::DaisyPatchSM::B6
 *fill*         0x08011152        0x2 
 .rodata._ZN5daisy8patch_sm12DaisyPatchSM2B9E
                0x08011154        0x2 ../../libDaisy//build\libdaisy.a(daisy_patch_sm.o)
                0x08011154                daisy::patch_sm::DaisyPatchSM::B9
 *fill*         0x08011156        0x2 
 .rodata._ZN5daisy8patch_sm12DaisyPatchSM3B10E
                0x08011158        0x2 ../../libDaisy//build\libdaisy.a(daisy_patch_sm.o)
                0x08011158                daisy::patch_sm::DaisyPatchSM::B10
 *fill*         0x0801115a        0x2 
 .rodata._ZN5daisy8patch_smL12PIN_USER_LEDE
                0x0801115c        0x2 ../../libDaisy//build\libdaisy.a(daisy_patch_sm.o)
 *fill*         0x0801115e        0x2 
 .rodata._ZL16dsy_adc_rank_map
                0x08011160       0x40 ../../libDaisy//build\libdaisy.a(adc.o)
 .rodata.CSWTCH.35
                0x080111a0        0x3 ../../libDaisy//build\libdaisy.a(sai.o)
 *fill*         0x080111a3        0x1 
 .rodata.CSWTCH.36
                0x080111a4        0xc ../../libDaisy//build\libdaisy.a(sai.o)
 .rodata.CSWTCH.44
                0x080111b0       0x14 ../../libDaisy//build\libdaisy.a(sai.o)
 .rodata.D1CorePrescTable
                0x080111c4       0x10 ../../libDaisy//build\libdaisy.a(system_stm32h7xx.o)
                0x080111c4                D1CorePrescTable
 .rodata.CSWTCH.24
                0x080111d4        0x4 ../../libDaisy//build\libdaisy.a(usbd_conf.o)
 .rodata.CSWTCH.19
                0x080111d8        0x4 ../../libDaisy//build\libdaisy.a(usbh_conf.o)
 .rodata.gpio_hal_pin_map
                0x080111dc       0x20 ../../libDaisy//build\libdaisy.a(hal_map.o)
 .rodata.gpio_hal_port_map
                0x080111fc       0x30 ../../libDaisy//build\libdaisy.a(hal_map.o)
 .rodata.flagBitshiftOffset.0
                0x0801122c        0x8 ../../libDaisy//build\libdaisy.a(stm32h7xx_hal_dma.o)
 .rodata._ZL13pins_none_spi
                0x08011234        0x3 ../../libDaisy//build\libdaisy.a(spi.o)
 *fill*         0x08011237        0x1 
 .rodata._ZL16pins_periphs_spi
                0x08011238       0x60 ../../libDaisy//build\libdaisy.a(spi.o)
 .rodata.CSWTCH.418
                0x08011298       0x29 ../../libDaisy//build\libdaisy.a(stm32h7xx_hal_uart.o)
 *fill*         0x080112c1        0x3 
 .rodata.CSWTCH.419
                0x080112c4        0x6 ../../libDaisy//build\libdaisy.a(stm32h7xx_hal_uart.o)
 *fill*         0x080112ca        0x2 
 .rodata.CSWTCH.426
                0x080112cc        0x6 ../../libDaisy//build\libdaisy.a(stm32h7xx_hal_uart.o)
 *(.glue_7)
 .glue_7        0x080112d2        0x0 linker stubs
 *(.glue_7t)
 .glue_7t       0x080112d2        0x0 linker stubs
 *(.init)
 *fill*         0x080112d2        0x2 
 .init          0x080112d4        0x4 c:/program files/daisytoolchain/bin/../lib/gcc/arm-none-eabi/10.2.1/thumb/v7e-m+dp/hard/crti.o
                0x080112d4                _init
 .init          0x080112d8        0x8 c:/program files/daisytoolchain/bin/../lib/gcc/arm-none-eabi/10.2.1/thumb/v7e-m+dp/hard/crtn.o
 *(.fini)
 .fini          0x080112e0        0x4 c:/program files/daisytoolchain/bin/../lib/gcc/arm-none-eabi/10.2.1/thumb/v7e-m+dp/hard/crti.o
                0x080112e0                _fini
 .fini          0x080112e4        0x8 c:/program files/daisytoolchain/bin/../lib/gcc/arm-none-eabi/10.2.1/thumb/v7e-m+dp/hard/crtn.o
                0x080112ec                . = ALIGN (0x4)
                0x080112ec                _etext = .

.eh_frame       0x080112ec        0x0
 .eh_frame      0x080112ec        0x0 c:/program files/daisytoolchain/bin/../lib/gcc/arm-none-eabi/10.2.1/thumb/v7e-m+dp/hard/crtbegin.o

.vfp11_veneer   0x080112ec        0x0
 .vfp11_veneer  0x080112ec        0x0 linker stubs

.v4_bx          0x080112ec        0x0
 .v4_bx         0x080112ec        0x0 linker stubs

.iplt           0x080112ec        0x0
 .iplt          0x080112ec        0x0 c:/program files/daisytoolchain/bin/../lib/gcc/arm-none-eabi/10.2.1/thumb/v7e-m+dp/hard/crtbegin.o

.ARM.extab      0x080112ec        0x0
                0x080112ec                . = ALIGN (0x4)
 *(.ARM.extab)
 *(.gnu.linkonce.armextab.*)
                0x080112ec                . = ALIGN (0x4)

.exidx          0x080112ec        0x8
                0x080112ec                . = ALIGN (0x4)
                [!provide]                PROVIDE (__exidx_start = .)
 *(.ARM.exidx*)
 .ARM.exidx     0x080112ec        0x8 c:/program files/daisytoolchain/bin/../lib/gcc/arm-none-eabi/10.2.1/thumb/v7e-m+dp/hard\libgcc.a(_udivmoddi4.o)
                0x080112f4                . = ALIGN (0x4)
                [!provide]                PROVIDE (__exidx_end = .)

.rel.dyn        0x080112f4        0x0
 .rel.iplt      0x080112f4        0x0 c:/program files/daisytoolchain/bin/../lib/gcc/arm-none-eabi/10.2.1/thumb/v7e-m+dp/hard/crtbegin.o

.ARM.attributes
                0x080112f4       0x2e
 *(.ARM.attributes)
 .ARM.attributes
                0x080112f4       0x1e c:/program files/daisytoolchain/bin/../lib/gcc/arm-none-eabi/10.2.1/thumb/v7e-m+dp/hard/crti.o
 .ARM.attributes
                0x08011312       0x32 c:/program files/daisytoolchain/bin/../lib/gcc/arm-none-eabi/10.2.1/thumb/v7e-m+dp/hard/crtbegin.o
 .ARM.attributes
                0x08011344       0x32 build/startup_stm32h750xx.o
 .ARM.attributes
                0x08011376       0x32 build/ENV2.o
 .ARM.attributes
                0x080113a8       0x32 ../../libDaisy//build\libdaisy.a(daisy_patch_sm.o)
 .ARM.attributes
                0x080113da       0x32 ../../libDaisy//build\libdaisy.a(codec_pcm3060.o)
 .ARM.attributes
                0x0801140c       0x32 ../../libDaisy//build\libdaisy.a(sdram.o)
 .ARM.attributes
                0x0801143e       0x32 ../../libDaisy//build\libdaisy.a(audio.o)
 .ARM.attributes
                0x08011470       0x32 ../../libDaisy//build\libdaisy.a(ctrl.o)
 .ARM.attributes
                0x080114a2       0x32 ../../libDaisy//build\libdaisy.a(gatein.o)
 .ARM.attributes
                0x080114d4       0x32 ../../libDaisy//build\libdaisy.a(adc.o)
 .ARM.attributes
                0x08011506       0x32 ../../libDaisy//build\libdaisy.a(dac.o)
 .ARM.attributes
                0x08011538       0x32 ../../libDaisy//build\libdaisy.a(gpio.o)
 .ARM.attributes
                0x0801156a       0x32 ../../libDaisy//build\libdaisy.a(i2c.o)
 .ARM.attributes
                0x0801159c       0x32 ../../libDaisy//build\libdaisy.a(qspi.o)
 .ARM.attributes
                0x080115ce       0x32 ../../libDaisy//build\libdaisy.a(sai.o)
 .ARM.attributes
                0x08011600       0x32 ../../libDaisy//build\libdaisy.a(system.o)
 .ARM.attributes
                0x08011632       0x32 ../../libDaisy//build\libdaisy.a(system_stm32h7xx.o)
 .ARM.attributes
                0x08011664       0x32 ../../libDaisy//build\libdaisy.a(usbd_conf.o)
 .ARM.attributes
                0x08011696       0x32 ../../libDaisy//build\libdaisy.a(usbh_conf.o)
 .ARM.attributes
                0x080116c8       0x32 ../../libDaisy//build\libdaisy.a(hal_map.o)
 .ARM.attributes
                0x080116fa       0x32 ../../libDaisy//build\libdaisy.a(stm32h7xx_hal.o)
 .ARM.attributes
                0x0801172c       0x32 ../../libDaisy//build\libdaisy.a(stm32h7xx_hal_adc.o)
 .ARM.attributes
                0x0801175e       0x32 ../../libDaisy//build\libdaisy.a(stm32h7xx_hal_adc_ex.o)
 .ARM.attributes
                0x08011790       0x32 ../../libDaisy//build\libdaisy.a(stm32h7xx_hal_cortex.o)
 .ARM.attributes
                0x080117c2       0x32 ../../libDaisy//build\libdaisy.a(stm32h7xx_hal_dac.o)
 .ARM.attributes
                0x080117f4       0x32 ../../libDaisy//build\libdaisy.a(stm32h7xx_hal_dac_ex.o)
 .ARM.attributes
                0x08011826       0x32 ../../libDaisy//build\libdaisy.a(stm32h7xx_hal_dma.o)
 .ARM.attributes
                0x08011858       0x32 ../../libDaisy//build\libdaisy.a(stm32h7xx_hal_gpio.o)
 .ARM.attributes
                0x0801188a       0x32 ../../libDaisy//build\libdaisy.a(stm32h7xx_hal_hcd.o)
 .ARM.attributes
                0x080118bc       0x32 ../../libDaisy//build\libdaisy.a(stm32h7xx_hal_i2c.o)
 .ARM.attributes
                0x080118ee       0x32 ../../libDaisy//build\libdaisy.a(stm32h7xx_hal_i2c_ex.o)
 .ARM.attributes
                0x08011920       0x32 ../../libDaisy//build\libdaisy.a(stm32h7xx_hal_pcd.o)
 .ARM.attributes
                0x08011952       0x32 ../../libDaisy//build\libdaisy.a(stm32h7xx_hal_pcd_ex.o)
 .ARM.attributes
                0x08011984       0x32 ../../libDaisy//build\libdaisy.a(stm32h7xx_hal_pwr_ex.o)
 .ARM.attributes
                0x080119b6       0x32 ../../libDaisy//build\libdaisy.a(stm32h7xx_hal_qspi.o)
 .ARM.attributes
                0x080119e8       0x32 ../../libDaisy//build\libdaisy.a(stm32h7xx_hal_rcc.o)
 .ARM.attributes
                0x08011a1a       0x32 ../../libDaisy//build\libdaisy.a(stm32h7xx_hal_rcc_ex.o)
 .ARM.attributes